main.c:110:16:ucCardDetected	16	static
main.c:125:16:ucAccessAcepted	16	static
main.c:127:16:ucAccessDenied	16	static
main.c:129:16:ucReady	16	static
main.c:131:16:ucAllowed	24	static
main.c:134:16:ucNotAllowed	24	static
main.c:137:16:ucTimeout	16	static
main.c:139:16:ucIsClose	24	static
main.c:142:13:vRequestAccess	24	static
main.c:173:13:vUpdateFlag	16	static
main.c:179:13:vOpenDoor	16	static
main.c:189:13:vIsOpened	16	static
main.c:198:13:vIsClosed	16	static
main.c:207:13:vAlarm	16	static
main.c:215:13:vNotAlarm	16	static
main.c:226:13:vReady	16	static
main.c:257:5:main	24	static
main.c:385:6:SystemClock_Config	88	static
main.c:423:13:MX_SPI1_Init	8	static
main.c:461:13:MX_USART2_UART_Init	8	static
main.c:494:13:MX_GPIO_Init	48	static
main.c:552:6:delay_until	24	static
main.c:563:6:HAL_GPIO_EXTI_Callback	16	static
main.c:584:6:Error_Handler	4	static
