Archive member included to satisfy reference by file (symbol)

c:/st/stm32cubeide_1.1.0/stm32cubeide/plugins/com.st.stm32cube.ide.mcu.externaltools.gnu-tools-for-stm32.7-2018-q2-update.win32_1.0.0.201904181610/tools/bin/../lib/gcc/arm-none-eabi/7.3.1/../../../../arm-none-eabi/lib/thumb/v7e-m/fpv4-sp/hard\libc_nano.a(lib_a-errno.o)
                              Core/Src/syscalls.o (__errno)
c:/st/stm32cubeide_1.1.0/stm32cubeide/plugins/com.st.stm32cube.ide.mcu.externaltools.gnu-tools-for-stm32.7-2018-q2-update.win32_1.0.0.201904181610/tools/bin/../lib/gcc/arm-none-eabi/7.3.1/../../../../arm-none-eabi/lib/thumb/v7e-m/fpv4-sp/hard\libc_nano.a(lib_a-exit.o)
                              c:/st/stm32cubeide_1.1.0/stm32cubeide/plugins/com.st.stm32cube.ide.mcu.externaltools.gnu-tools-for-stm32.7-2018-q2-update.win32_1.0.0.201904181610/tools/bin/../lib/gcc/arm-none-eabi/7.3.1/../../../../arm-none-eabi/lib/thumb/v7e-m/fpv4-sp/hard/crt0.o (exit)
c:/st/stm32cubeide_1.1.0/stm32cubeide/plugins/com.st.stm32cube.ide.mcu.externaltools.gnu-tools-for-stm32.7-2018-q2-update.win32_1.0.0.201904181610/tools/bin/../lib/gcc/arm-none-eabi/7.3.1/../../../../arm-none-eabi/lib/thumb/v7e-m/fpv4-sp/hard\libc_nano.a(lib_a-impure.o)
                              c:/st/stm32cubeide_1.1.0/stm32cubeide/plugins/com.st.stm32cube.ide.mcu.externaltools.gnu-tools-for-stm32.7-2018-q2-update.win32_1.0.0.201904181610/tools/bin/../lib/gcc/arm-none-eabi/7.3.1/../../../../arm-none-eabi/lib/thumb/v7e-m/fpv4-sp/hard\libc_nano.a(lib_a-exit.o) (_global_impure_ptr)
c:/st/stm32cubeide_1.1.0/stm32cubeide/plugins/com.st.stm32cube.ide.mcu.externaltools.gnu-tools-for-stm32.7-2018-q2-update.win32_1.0.0.201904181610/tools/bin/../lib/gcc/arm-none-eabi/7.3.1/../../../../arm-none-eabi/lib/thumb/v7e-m/fpv4-sp/hard\libc_nano.a(lib_a-init.o)
                              c:/st/stm32cubeide_1.1.0/stm32cubeide/plugins/com.st.stm32cube.ide.mcu.externaltools.gnu-tools-for-stm32.7-2018-q2-update.win32_1.0.0.201904181610/tools/bin/../lib/gcc/arm-none-eabi/7.3.1/../../../../arm-none-eabi/lib/thumb/v7e-m/fpv4-sp/hard/crt0.o (__libc_init_array)
c:/st/stm32cubeide_1.1.0/stm32cubeide/plugins/com.st.stm32cube.ide.mcu.externaltools.gnu-tools-for-stm32.7-2018-q2-update.win32_1.0.0.201904181610/tools/bin/../lib/gcc/arm-none-eabi/7.3.1/../../../../arm-none-eabi/lib/thumb/v7e-m/fpv4-sp/hard\libc_nano.a(lib_a-malloc.o)
                              Core/Src/fsm.o (malloc)
c:/st/stm32cubeide_1.1.0/stm32cubeide/plugins/com.st.stm32cube.ide.mcu.externaltools.gnu-tools-for-stm32.7-2018-q2-update.win32_1.0.0.201904181610/tools/bin/../lib/gcc/arm-none-eabi/7.3.1/../../../../arm-none-eabi/lib/thumb/v7e-m/fpv4-sp/hard\libc_nano.a(lib_a-memcmp.o)
                              Middlewares/RFAL/Src/rfal_nfcf.o (memcmp)
c:/st/stm32cubeide_1.1.0/stm32cubeide/plugins/com.st.stm32cube.ide.mcu.externaltools.gnu-tools-for-stm32.7-2018-q2-update.win32_1.0.0.201904181610/tools/bin/../lib/gcc/arm-none-eabi/7.3.1/../../../../arm-none-eabi/lib/thumb/v7e-m/fpv4-sp/hard\libc_nano.a(lib_a-memcpy-stub.o)
                              Core/Src/spi.o (memcpy)
c:/st/stm32cubeide_1.1.0/stm32cubeide/plugins/com.st.stm32cube.ide.mcu.externaltools.gnu-tools-for-stm32.7-2018-q2-update.win32_1.0.0.201904181610/tools/bin/../lib/gcc/arm-none-eabi/7.3.1/../../../../arm-none-eabi/lib/thumb/v7e-m/fpv4-sp/hard\libc_nano.a(lib_a-memmove.o)
                              Middlewares/RFAL/Src/rfal_isoDep.o (memmove)
c:/st/stm32cubeide_1.1.0/stm32cubeide/plugins/com.st.stm32cube.ide.mcu.externaltools.gnu-tools-for-stm32.7-2018-q2-update.win32_1.0.0.201904181610/tools/bin/../lib/gcc/arm-none-eabi/7.3.1/../../../../arm-none-eabi/lib/thumb/v7e-m/fpv4-sp/hard\libc_nano.a(lib_a-memset.o)
                              c:/st/stm32cubeide_1.1.0/stm32cubeide/plugins/com.st.stm32cube.ide.mcu.externaltools.gnu-tools-for-stm32.7-2018-q2-update.win32_1.0.0.201904181610/tools/bin/../lib/gcc/arm-none-eabi/7.3.1/../../../../arm-none-eabi/lib/thumb/v7e-m/fpv4-sp/hard/crt0.o (memset)
c:/st/stm32cubeide_1.1.0/stm32cubeide/plugins/com.st.stm32cube.ide.mcu.externaltools.gnu-tools-for-stm32.7-2018-q2-update.win32_1.0.0.201904181610/tools/bin/../lib/gcc/arm-none-eabi/7.3.1/../../../../arm-none-eabi/lib/thumb/v7e-m/fpv4-sp/hard\libc_nano.a(lib_a-nano-freer.o)
                              c:/st/stm32cubeide_1.1.0/stm32cubeide/plugins/com.st.stm32cube.ide.mcu.externaltools.gnu-tools-for-stm32.7-2018-q2-update.win32_1.0.0.201904181610/tools/bin/../lib/gcc/arm-none-eabi/7.3.1/../../../../arm-none-eabi/lib/thumb/v7e-m/fpv4-sp/hard\libc_nano.a(lib_a-malloc.o) (_free_r)
c:/st/stm32cubeide_1.1.0/stm32cubeide/plugins/com.st.stm32cube.ide.mcu.externaltools.gnu-tools-for-stm32.7-2018-q2-update.win32_1.0.0.201904181610/tools/bin/../lib/gcc/arm-none-eabi/7.3.1/../../../../arm-none-eabi/lib/thumb/v7e-m/fpv4-sp/hard\libc_nano.a(lib_a-nano-mallocr.o)
[...]
Memory Configuration

Name             Origin             Length             Attributes
RAM              0x0000000020000000 0x0000000000018000 xrw
FLASH            0x0000000008000000 0x0000000000080000 xr
*default*        0x0000000000000000 0xffffffffffffffff

Linker script and memory map

LOAD c:/st/stm32cubeide_1.1.0/stm32cubeide/plugins/com.st.stm32cube.ide.mcu.externaltools.gnu-tools-for-stm32.7-2018-q2-update.win32_1.0.0.201904181610/tools/bin/../lib/gcc/arm-none-eabi/7.3.1/thumb/v7e-m/fpv4-sp/hard/crti.o
LOAD c:/st/stm32cubeide_1.1.0/stm32cubeide/plugins/com.st.stm32cube.ide.mcu.externaltools.gnu-tools-for-stm32.7-2018-q2-update.win32_1.0.0.201904181610/tools/bin/../lib/gcc/arm-none-eabi/7.3.1/thumb/v7e-m/fpv4-sp/hard/crtbegin.o
LOAD c:/st/stm32cubeide_1.1.0/stm32cubeide/plugins/com.st.stm32cube.ide.mcu.externaltools.gnu-tools-for-stm32.7-2018-q2-update.win32_1.0.0.201904181610/tools/bin/../lib/gcc/arm-none-eabi/7.3.1/../../../../arm-none-eabi/lib/thumb/v7e-m/fpv4-sp/hard/crt0.o
LOAD Core/Src/OpenDoor.o
LOAD Core/Src/demo.o
LOAD Core/Src/fsm.o
LOAD Core/Src/logger.o
LOAD Core/Src/main.o
LOAD Core/Src/spi.o
LOAD Core/Src/stm32f4xx_hal_msp.o
LOAD Core/Src/stm32f4xx_it.o
LOAD Core/Src/syscalls.o
LOAD Core/Src/system_stm32f4xx.o
LOAD Core/Src/usart.o
LOAD Core/Startup/startup_stm32f401retx.o
LOAD Drivers/BSP/Components/st25r3911.o
LOAD Drivers/BSP/Components/st25r3911_com.o
LOAD Drivers/BSP/Components/st25r3911_interrupt.o
LOAD Drivers/BSP/Components/timer.o
LOAD Drivers/STM32F4xx_HAL_Driver/Src/stm32f4xx_hal.o
LOAD Drivers/STM32F4xx_HAL_Driver/Src/stm32f4xx_hal_cortex.o
LOAD Drivers/STM32F4xx_HAL_Driver/Src/stm32f4xx_hal_dma.o
LOAD Drivers/STM32F4xx_HAL_Driver/Src/stm32f4xx_hal_dma_ex.o
LOAD Drivers/STM32F4xx_HAL_Driver/Src/stm32f4xx_hal_exti.o
LOAD Drivers/STM32F4xx_HAL_Driver/Src/stm32f4xx_hal_flash.o
LOAD Drivers/STM32F4xx_HAL_Driver/Src/stm32f4xx_hal_flash_ex.o
LOAD Drivers/STM32F4xx_HAL_Driver/Src/stm32f4xx_hal_flash_ramfunc.o
LOAD Drivers/STM32F4xx_HAL_Driver/Src/stm32f4xx_hal_gpio.o
LOAD Drivers/STM32F4xx_HAL_Driver/Src/stm32f4xx_hal_pwr.o
LOAD Drivers/STM32F4xx_HAL_Driver/Src/stm32f4xx_hal_pwr_ex.o
LOAD Drivers/STM32F4xx_HAL_Driver/Src/stm32f4xx_hal_rcc.o
LOAD Drivers/STM32F4xx_HAL_Driver/Src/stm32f4xx_hal_rcc_ex.o
LOAD Drivers/STM32F4xx_HAL_Driver/Src/stm32f4xx_hal_spi.o
LOAD Drivers/STM32F4xx_HAL_Driver/Src/stm32f4xx_hal_tim.o
LOAD Drivers/STM32F4xx_HAL_Driver/Src/stm32f4xx_hal_tim_ex.o
LOAD Drivers/STM32F4xx_HAL_Driver/Src/stm32f4xx_hal_uart.o
LOAD Middlewares/RFAL/Src/rfal_analogConfig.o
LOAD Middlewares/RFAL/Src/rfal_crc.o
LOAD Middlewares/RFAL/Src/rfal_dpo.o
LOAD Middlewares/RFAL/Src/rfal_iso15693_2.o
LOAD Middlewares/RFAL/Src/rfal_isoDep.o
LOAD Middlewares/RFAL/Src/rfal_nfc.o
LOAD Middlewares/RFAL/Src/rfal_nfcDep.o
LOAD Middlewares/RFAL/Src/rfal_nfca.o
LOAD Middlewares/RFAL/Src/rfal_nfcb.o
LOAD Middlewares/RFAL/Src/rfal_nfcf.o
LOAD Middlewares/RFAL/Src/rfal_nfcv.o
LOAD Middlewares/RFAL/Src/rfal_rfst25r3911.o
LOAD Middlewares/RFAL/Src/rfal_st25tb.o
LOAD Middlewares/RFAL/Src/rfal_st25xv.o
LOAD Middlewares/RFAL/Src/rfal_t1t.o
LOAD Middlewares/RFAL/Src/rfal_t2t.o
LOAD Middlewares/RFAL/Src/rfal_t4t.o
START GROUP
LOAD c:/st/stm32cubeide_1.1.0/stm32cubeide/plugins/com.st.stm32cube.ide.mcu.externaltools.gnu-tools-for-stm32.7-2018-q2-update.win32_1.0.0.201904181610/tools/bin/../lib/gcc/arm-none-eabi/7.3.1/../../../../arm-none-eabi/lib/thumb/v7e-m/fpv4-sp/hard\libc_nano.a
LOAD c:/st/stm32cubeide_1.1.0/stm32cubeide/plugins/com.st.stm32cube.ide.mcu.externaltools.gnu-tools-for-stm32.7-2018-q2-update.win32_1.0.0.201904181610/tools/bin/../lib/gcc/arm-none-eabi/7.3.1/../../../../arm-none-eabi/lib/thumb/v7e-m/fpv4-sp/hard\libm.a
END GROUP
START GROUP
LOAD c:/st/stm32cubeide_1.1.0/stm32cubeide/plugins/com.st.stm32cube.ide.mcu.externaltools.gnu-tools-for-stm32.7-2018-q2-update.win32_1.0.0.201904181610/tools/bin/../lib/gcc/arm-none-eabi/7.3.1/thumb/v7e-m/fpv4-sp/hard\libgcc.a
LOAD c:/st/stm32cubeide_1.1.0/stm32cubeide/plugins/com.st.stm32cube.ide.mcu.externaltools.gnu-tools-for-stm32.7-2018-q2-update.win32_1.0.0.201904181610/tools/bin/../lib/gcc/arm-none-eabi/7.3.1/../../../../arm-none-eabi/lib/thumb/v7e-m/fpv4-sp/hard\libc_nano.a
END GROUP
START GROUP
LOAD c:/st/stm32cubeide_1.1.0/stm32cubeide/plugins/com.st.stm32cube.ide.mcu.externaltools.gnu-tools-for-stm32.7-2018-q2-update.win32_1.0.0.201904181610/tools/bin/../lib/gcc/arm-none-eabi/7.3.1/thumb/v7e-m/fpv4-sp/hard\libgcc.a
LOAD c:/st/stm32cubeide_1.1.0/stm32cubeide/plugins/com.st.stm32cube.ide.mcu.externaltools.gnu-tools-for-stm32.7-2018-q2-update.win32_1.0.0.201904181610/tools/bin/../lib/gcc/arm-none-eabi/7.3.1/../../../../arm-none-eabi/lib/thumb/v7e-m/fpv4-sp/hard\libc_nano.a
LOAD c:/st/stm32cubeide_1.1.0/stm32cubeide/plugins/com.st.stm32cube.ide.mcu.externaltools.gnu-tools-for-stm32.7-2018-q2-update.win32_1.0.0.201904181610/tools/bin/../lib/gcc/arm-none-eabi/7.3.1/../../../../arm-none-eabi/lib/thumb/v7e-m/fpv4-sp/hard\libnosys.a
END GROUP
START GROUP
LOAD c:/st/stm32cubeide_1.1.0/stm32cubeide/plugins/com.st.stm32cube.ide.mcu.externaltools.gnu-tools-for-stm32.7-2018-q2-update.win32_1.0.0.201904181610/tools/bin/../lib/gcc/arm-none-eabi/7.3.1/thumb/v7e-m/fpv4-sp/hard\libgcc.a
LOAD c:/st/stm32cubeide_1.1.0/stm32cubeide/plugins/com.st.stm32cube.ide.mcu.externaltools.gnu-tools-for-stm32.7-2018-q2-update.win32_1.0.0.201904181610/tools/bin/../lib/gcc/arm-none-eabi/7.3.1/../../../../arm-none-eabi/lib/thumb/v7e-m/fpv4-sp/hard\libc_nano.a
LOAD c:/st/stm32cubeide_1.1.0/stm32cubeide/plugins/com.st.stm32cube.ide.mcu.externaltools.gnu-tools-for-stm32.7-2018-q2-update.win32_1.0.0.201904181610/tools/bin/../lib/gcc/arm-none-eabi/7.3.1/../../../../arm-none-eabi/lib/thumb/v7e-m/fpv4-sp/hard\libnosys.a
END GROUP
LOAD c:/st/stm32cubeide_1.1.0/stm32cubeide/plugins/com.st.stm32cube.ide.mcu.externaltools.gnu-tools-for-stm32.7-2018-q2-update.win32_1.0.0.201904181610/tools/bin/../lib/gcc/arm-none-eabi/7.3.1/thumb/v7e-m/fpv4-sp/hard/crtend.o
LOAD c:/st/stm32cubeide_1.1.0/stm32cubeide/plugins/com.st.stm32cube.ide.mcu.externaltools.gnu-tools-for-stm32.7-2018-q2-update.win32_1.0.0.201904181610/tools/bin/../lib/gcc/arm-none-eabi/7.3.1/thumb/v7e-m/fpv4-sp/hard/crtn.o
                0x0000000020018000                _estack = (ORIGIN (RAM) + LENGTH (RAM))
                0x0000000000000200                _Min_Heap_Size = 0x200
                0x0000000000000400                _Min_Stack_Size = 0x400

.isr_vector     0x0000000008000000      0x194
                0x0000000008000000                . = ALIGN (0x4)
 *(.isr_vector)
 .isr_vector    0x0000000008000000      0x194 Core/Startup/startup_stm32f401retx.o
                0x0000000008000000                g_pfnVectors
                0x0000000008000194                . = ALIGN (0x4)

.text           0x00000000080001a0     0xe000
                0x00000000080001a0                . = ALIGN (0x4)
 *(.text)
 .text          0x00000000080001a0       0x40 c:/st/stm32cubeide_1.1.0/stm32cubeide/plugins/com.st.stm32cube.ide.mcu.externaltools.gnu-tools-for-stm32.7-2018-q2-update.win32_1.0.0.201904181610/tools/bin/../lib/gcc/arm-none-eabi/7.3.1/thumb/v7e-m/fpv4-sp/hard/crtbegin.o
 .text          0x00000000080001e0       0x14 c:/st/stm32cubeide_1.1.0/stm32cubeide/plugins/com.st.stm32cube.ide.mcu.externaltools.gnu-tools-for-stm32.7-2018-q2-update.win32_1.0.0.201904181610/tools/bin/../lib/gcc/arm-none-eabi/7.3.1/../../../../arm-none-eabi/lib/thumb/v7e-m/fpv4-sp/hard\libc_nano.a(lib_a-strcmp.o)
                0x00000000080001e0                strcmp
 .text          0x00000000080001f4       0x10 c:/st/stm32cubeide_1.1.0/stm32cubeide/plugins/com.st.stm32cube.ide.mcu.externaltools.gnu-tools-for-stm32.7-2018-q2-update.win32_1.0.0.201904181610/tools/bin/../lib/gcc/arm-none-eabi/7.3.1/../../../../arm-none-eabi/lib/thumb/v7e-m/fpv4-sp/hard\libc_nano.a(lib_a-strlen.o)
                0x00000000080001f4                strlen
 *fill*         0x0000000008000204        0xc 
 .text          0x0000000008000210       0xa0 c:/st/stm32cubeide_1.1.0/stm32cubeide/plugins/com.st.stm32cube.ide.mcu.externaltools.gnu-tools-for-stm32.7-2018-q2-update.win32_1.0.0.201904181610/tools/bin/../lib/gcc/arm-none-eabi/7.3.1/../../../../arm-none-eabi/lib/thumb/v7e-m/fpv4-sp/hard\libc_nano.a(lib_a-memchr.o)
                0x0000000008000210                memchr
 .text          0x00000000080002b0       0x30 c:/st/stm32cubeide_1.1.0/stm32cubeide/plugins/com.st.stm32cube.ide.mcu.externaltools.gnu-tools-for-stm32.7-2018-q2-update.win32_1.0.0.201904181610/tools/bin/../lib/gcc/arm-none-eabi/7.3.1/thumb/v7e-m/fpv4-sp/hard\libgcc.a(_aeabi_uldivmod.o)
                0x00000000080002b0                __aeabi_uldivmod
 .text          0x00000000080002e0      0x2cc c:/st/stm32cubeide_1.1.0/stm32cubeide/plugins/com.st.stm32cube.ide.mcu.externaltools.gnu-tools-for-stm32.7-2018-q2-update.win32_1.0.0.201904181610/tools/bin/../lib/gcc/arm-none-eabi/7.3.1/thumb/v7e-m/fpv4-sp/hard\libgcc.a(_udivmoddi4.o)
                0x00000000080002e0                __udivmoddi4
 .text          0x00000000080005ac        0x4 c:/st/stm32cubeide_1.1.0/stm32cubeide/plugins/com.st.stm32cube.ide.mcu.externaltools.gnu-tools-for-stm32.7-2018-q2-update.win32_1.0.0.201904181610/tools/bin/../lib/gcc/arm-none-eabi/7.3.1/thumb/v7e-m/fpv4-sp/hard\libgcc.a(_dvmd_tls.o)
                0x00000000080005ac                __aeabi_idiv0
                0x00000000080005ac                __aeabi_ldiv0
 *(.text*)
 .text.demoNotif
                0x00000000080005b0       0x3a Core/Src/demo.o
 *fill*         0x00000000080005ea        0x2 
 .text.demoIni  0x00000000080005ec       0xa8 Core/Src/demo.o
                0x00000000080005ec                demoIni
 .text.demoCycle
                0x0000000008000694       0x84 Core/Src/demo.o
                0x0000000008000694                demoCycle
 .text.fsm_new  0x0000000008000718       0x24 Core/Src/fsm.o
                0x0000000008000718                fsm_new
 .text.fsm_init
                0x000000000800073c       0x24 Core/Src/fsm.o
                0x000000000800073c                fsm_init
 .text.fsm_fire
                0x0000000008000760       0x5e Core/Src/fsm.o
                0x0000000008000760                fsm_fire
 *fill*         0x00000000080007be        0x2 
 .text.logUsartInit
                0x00000000080007c0       0x20 Core/Src/logger.o
                0x00000000080007c0                logUsartInit
 .text.logUsartTx
                0x00000000080007e0       0x38 Core/Src/logger.o
                0x00000000080007e0                logUsartTx
 .text.logUsart
                0x0000000008000818       0x50 Core/Src/logger.o
                0x0000000008000818                logUsart
 .text.hex2Str  0x0000000008000868       0xf8 Core/Src/logger.o
                0x0000000008000868                hex2Str
 .text.ucCardDetected
                0x0000000008000960       0x6c Core/Src/main.o
 .text.ucAccessAcepted
                0x00000000080009cc       0x1c Core/Src/main.o
 .text.ucAccessDenied
                0x00000000080009e8       0x28 Core/Src/main.o
 .text.ucReady  0x0000000008000a10       0x1c Core/Src/main.o
 .text.ucAllowed
                0x0000000008000a2c       0x38 Core/Src/main.o
 .text.ucNotAllowed
                0x0000000008000a64       0x38 Core/Src/main.o
 .text.ucTimeout
                0x0000000008000a9c       0x2c Core/Src/main.o
 .text.ucIsClose
                0x0000000008000ac8       0x2c Core/Src/main.o
 .text.vRequestAccess
                0x0000000008000af4       0xa8 Core/Src/main.o
 .text.vUpdateFlag
                0x0000000008000b9c       0x20 Core/Src/main.o
 .text.vOpenDoor
                0x0000000008000bbc       0x28 Core/Src/main.o
 .text.vIsOpened
                0x0000000008000be4       0x38 Core/Src/main.o
 .text.vIsClosed
                0x0000000008000c1c       0x34 Core/Src/main.o
 .text.vAlarm   0x0000000008000c50       0x28 Core/Src/main.o
 .text.vNotAlarm
                0x0000000008000c78       0x40 Core/Src/main.o
 .text.vReady   0x0000000008000cb8       0x20 Core/Src/main.o
 .text.main     0x0000000008000cd8      0x114 Core/Src/main.o
                0x0000000008000cd8                main
 .text.SystemClock_Config
                0x0000000008000dec       0xc0 Core/Src/main.o
                0x0000000008000dec                SystemClock_Config
 .text.MX_SPI1_Init
                0x0000000008000eac       0x6c Core/Src/main.o
 .text.MX_USART2_UART_Init
                0x0000000008000f18       0x54 Core/Src/main.o
 .text.MX_GPIO_Init
                0x0000000008000f6c      0x160 Core/Src/main.o
 .text.delay_until
                0x00000000080010cc       0x2e Core/Src/main.o
                0x00000000080010cc                delay_until
 *fill*         0x00000000080010fa        0x2 
 .text.HAL_GPIO_EXTI_Callback
                0x00000000080010fc       0x54 Core/Src/main.o
                0x00000000080010fc                HAL_GPIO_EXTI_Callback
 .text.Error_Handler
                0x0000000008001150        0x6 Core/Src/main.o
                0x0000000008001150                Error_Handler
 *fill*         0x0000000008001156        0x2 
 .text.spiInit  0x0000000008001158       0x30 Core/Src/spi.o
                0x0000000008001158                spiInit
 .text.spiTxRx  0x0000000008001188       0x7c Core/Src/spi.o
                0x0000000008001188                spiTxRx
 .text.HAL_MspInit
                0x0000000008001204       0x50 Core/Src/stm32f4xx_hal_msp.o
                0x0000000008001204                HAL_MspInit
 .text.HAL_SPI_MspInit
                0x0000000008001254       0x90 Core/Src/stm32f4xx_hal_msp.o
                0x0000000008001254                HAL_SPI_MspInit
 .text.HAL_UART_MspInit
                0x00000000080012e4       0x90 Core/Src/stm32f4xx_hal_msp.o
                0x00000000080012e4                HAL_UART_MspInit
 .text.NMI_Handler
                0x0000000008001374        0xe Core/Src/stm32f4xx_it.o
                0x0000000008001374                NMI_Handler
 .text.HardFault_Handler
                0x0000000008001382        0x6 Core/Src/stm32f4xx_it.o
                0x0000000008001382                HardFault_Handler
 .text.MemManage_Handler
                0x0000000008001388        0x6 Core/Src/stm32f4xx_it.o
                0x0000000008001388                MemManage_Handler
 .text.BusFault_Handler
                0x000000000800138e        0x6 Core/Src/stm32f4xx_it.o
                0x000000000800138e                BusFault_Handler
 .text.UsageFault_Handler
                0x0000000008001394        0x6 Core/Src/stm32f4xx_it.o
                0x0000000008001394                UsageFault_Handler
 .text.SVC_Handler
                0x000000000800139a        0xe Core/Src/stm32f4xx_it.o
                0x000000000800139a                SVC_Handler
 .text.DebugMon_Handler
                0x00000000080013a8        0xe Core/Src/stm32f4xx_it.o
                0x00000000080013a8                DebugMon_Handler
 .text.PendSV_Handler
                0x00000000080013b6        0xe Core/Src/stm32f4xx_it.o
                0x00000000080013b6                PendSV_Handler
 .text.SysTick_Handler
                0x00000000080013c4        0xc Core/Src/stm32f4xx_it.o
                0x00000000080013c4                SysTick_Handler
 .text.EXTI0_IRQHandler
                0x00000000080013d0       0x12 Core/Src/stm32f4xx_it.o
                0x00000000080013d0                EXTI0_IRQHandler
 .text.EXTI15_10_IRQHandler
                0x00000000080013e2       0x10 Core/Src/stm32f4xx_it.o
                0x00000000080013e2                EXTI15_10_IRQHandler
 *fill*         0x00000000080013f2        0x2 
 .text._sbrk    0x00000000080013f4       0x58 Core/Src/syscalls.o
                0x00000000080013f4                _sbrk
 .text.SystemInit
                0x000000000800144c       0x6c Core/Src/system_stm32f4xx.o
                0x000000000800144c                SystemInit
 .text.Reset_Handler
                0x00000000080014b8       0x50 Core/Startup/startup_stm32f401retx.o
                0x00000000080014b8                Reset_Handler
 .text.Default_Handler
                0x0000000008001508        0x2 Core/Startup/startup_stm32f401retx.o
                0x0000000008001508                RTC_Alarm_IRQHandler
                0x0000000008001508                EXTI2_IRQHandler
                0x0000000008001508                SPI4_IRQHandler
                0x0000000008001508                TIM1_CC_IRQHandler
                0x0000000008001508                DMA2_Stream5_IRQHandler
                0x0000000008001508                DMA1_Stream5_IRQHandler
                0x0000000008001508                PVD_IRQHandler
                0x0000000008001508                SDIO_IRQHandler
                0x0000000008001508                TAMP_STAMP_IRQHandler
                0x0000000008001508                EXTI3_IRQHandler
                0x0000000008001508                TIM1_UP_TIM10_IRQHandler
                0x0000000008001508                I2C3_ER_IRQHandler
                0x0000000008001508                I2C2_EV_IRQHandler
                0x0000000008001508                DMA1_Stream2_IRQHandler
                0x0000000008001508                FPU_IRQHandler
                0x0000000008001508                DMA2_Stream2_IRQHandler
                0x0000000008001508                SPI1_IRQHandler
                0x0000000008001508                TIM1_BRK_TIM9_IRQHandler
                0x0000000008001508                DMA2_Stream3_IRQHandler
                0x0000000008001508                USART6_IRQHandler
                0x0000000008001508                DMA2_Stream0_IRQHandler
                0x0000000008001508                TIM4_IRQHandler
                0x0000000008001508                I2C1_EV_IRQHandler
                0x0000000008001508                DMA1_Stream6_IRQHandler
                0x0000000008001508                DMA1_Stream1_IRQHandler
                0x0000000008001508                TIM3_IRQHandler
                0x0000000008001508                RCC_IRQHandler
                0x0000000008001508                Default_Handler
                0x0000000008001508                ADC_IRQHandler
                0x0000000008001508                DMA1_Stream7_IRQHandler
                0x0000000008001508                TIM5_IRQHandler
                0x0000000008001508                DMA2_Stream7_IRQHandler
                0x0000000008001508                I2C3_EV_IRQHandler
                0x0000000008001508                EXTI9_5_IRQHandler
                0x0000000008001508                RTC_WKUP_IRQHandler
                0x0000000008001508                SPI2_IRQHandler
                0x0000000008001508                DMA1_Stream0_IRQHandler
                0x0000000008001508                EXTI4_IRQHandler
                0x0000000008001508                WWDG_IRQHandler
                0x0000000008001508                TIM2_IRQHandler
                0x0000000008001508                OTG_FS_WKUP_IRQHandler
                0x0000000008001508                TIM1_TRG_COM_TIM11_IRQHandler
                0x0000000008001508                EXTI1_IRQHandler
                0x0000000008001508                USART2_IRQHandler
                0x0000000008001508                I2C2_ER_IRQHandler
                0x0000000008001508                DMA2_Stream1_IRQHandler
                0x0000000008001508                FLASH_IRQHandler
                0x0000000008001508                DMA2_Stream4_IRQHandler
                0x0000000008001508                USART1_IRQHandler
                0x0000000008001508                OTG_FS_IRQHandler
                0x0000000008001508                SPI3_IRQHandler
                0x0000000008001508                DMA1_Stream4_IRQHandler
                0x0000000008001508                I2C1_ER_IRQHandler
                0x0000000008001508                DMA2_Stream6_IRQHandler
                0x0000000008001508                DMA1_Stream3_IRQHandler
 .text.st25r3911TxRxOn
                0x000000000800150a       0x10 Drivers/BSP/Components/st25r3911.o
                0x000000000800150a                st25r3911TxRxOn
 .text.st25r3911TxRxOff
                0x000000000800151a       0x10 Drivers/BSP/Components/st25r3911.o
                0x000000000800151a                st25r3911TxRxOff
 .text.st25r3911OscOn
                0x000000000800152a       0x42 Drivers/BSP/Components/st25r3911.o
                0x000000000800152a                st25r3911OscOn
 .text.st25r3911Initialize
                0x000000000800156c       0x5c Drivers/BSP/Components/st25r3911.o
                0x000000000800156c                st25r3911Initialize
 .text.st25r3911AdjustRegulators
                0x00000000080015c8       0xae Drivers/BSP/Components/st25r3911.o
                0x00000000080015c8                st25r3911AdjustRegulators
 .text.st25r3911MeasureAmplitude
                0x0000000008001676       0x1c Drivers/BSP/Components/st25r3911.o
                0x0000000008001676                st25r3911MeasureAmplitude
 .text.st25r3911MeasurePhase
                0x0000000008001692       0x1c Drivers/BSP/Components/st25r3911.o
                0x0000000008001692                st25r3911MeasurePhase
 .text.st25r3911MeasureCapacitance
                0x00000000080016ae       0x1c Drivers/BSP/Components/st25r3911.o
                0x00000000080016ae                st25r3911MeasureCapacitance
 .text.st25r3911CalibrateAntenna
                0x00000000080016ca       0x1c Drivers/BSP/Components/st25r3911.o
                0x00000000080016ca                st25r3911CalibrateAntenna
 .text.st25r3911CalibrateCapacitiveSensor
                0x00000000080016e6       0x5a Drivers/BSP/Components/st25r3911.o
                0x00000000080016e6                st25r3911CalibrateCapacitiveSensor
 .text.st25r3911SetBitrate
                0x0000000008001740       0x80 Drivers/BSP/Components/st25r3911.o
                0x0000000008001740                st25r3911SetBitrate
 .text.st25r3911MeasurePowerSupply
                0x00000000080017c0       0x2e Drivers/BSP/Components/st25r3911.o
                0x00000000080017c0                st25r3911MeasurePowerSupply
 *fill*         0x00000000080017ee        0x2 
 .text.st25r3911MeasureVoltage
                0x00000000080017f0       0x54 Drivers/BSP/Components/st25r3911.o
                0x00000000080017f0                st25r3911MeasureVoltage
 .text.st25r3911StartGPTimer_8fcs
                0x0000000008001844       0x3a Drivers/BSP/Components/st25r3911.o
                0x0000000008001844                st25r3911StartGPTimer_8fcs
 .text.st25r3911SetGPTime_8fcs
                0x000000000800187e       0x2e Drivers/BSP/Components/st25r3911.o
                0x000000000800187e                st25r3911SetGPTime_8fcs
 .text.st25r3911CheckReg
                0x00000000080018ac       0x40 Drivers/BSP/Components/st25r3911.o
                0x00000000080018ac                st25r3911CheckReg
 .text.st25r3911CheckChipID
                0x00000000080018ec       0x42 Drivers/BSP/Components/st25r3911.o
                0x00000000080018ec                st25r3911CheckChipID
 *fill*         0x000000000800192e        0x2 
 .text.st25r3911SetNoResponseTime_64fcs
                0x0000000008001930       0x7c Drivers/BSP/Components/st25r3911.o
                0x0000000008001930                st25r3911SetNoResponseTime_64fcs
 .text.st25r3911PerformCollisionAvoidance
                0x00000000080019ac       0xea Drivers/BSP/Components/st25r3911.o
                0x00000000080019ac                st25r3911PerformCollisionAvoidance
 .text.st25r3911SetNumTxBits
                0x0000000008001a96       0x2a Drivers/BSP/Components/st25r3911.o
                0x0000000008001a96                st25r3911SetNumTxBits
 .text.st25r3911StreamConfigure
                0x0000000008001ac0       0xdc Drivers/BSP/Components/st25r3911.o
                0x0000000008001ac0                st25r3911StreamConfigure
 .text.st25r3911ExecuteCommandAndGetResult
                0x0000000008001b9c       0x5c Drivers/BSP/Components/st25r3911.o
 .text.__NVIC_EnableIRQ
                0x0000000008001bf8       0x3c Drivers/BSP/Components/st25r3911_com.o
 .text.__NVIC_DisableIRQ
                0x0000000008001c34       0x44 Drivers/BSP/Components/st25r3911_com.o
 .text.st25r3911CheckFieldSetLED
                0x0000000008001c78       0x3c Drivers/BSP/Components/st25r3911_com.o
 .text.st25r3911ReadRegister
                0x0000000008001cb4       0x94 Drivers/BSP/Components/st25r3911_com.o
                0x0000000008001cb4                st25r3911ReadRegister
 .text.st25r3911ReadMultipleRegisters
                0x0000000008001d48       0x9c Drivers/BSP/Components/st25r3911_com.o
                0x0000000008001d48                st25r3911ReadMultipleRegisters
 .text.st25r3911ReadTestRegister
                0x0000000008001de4       0x98 Drivers/BSP/Components/st25r3911_com.o
                0x0000000008001de4                st25r3911ReadTestRegister
 .text.st25r3911WriteTestRegister
                0x0000000008001e7c       0x88 Drivers/BSP/Components/st25r3911_com.o
                0x0000000008001e7c                st25r3911WriteTestRegister
 .text.st25r3911WriteRegister
                0x0000000008001f04       0x94 Drivers/BSP/Components/st25r3911_com.o
                0x0000000008001f04                st25r3911WriteRegister
 .text.st25r3911ClrRegisterBits
                0x0000000008001f98       0x46 Drivers/BSP/Components/st25r3911_com.o
                0x0000000008001f98                st25r3911ClrRegisterBits
 .text.st25r3911SetRegisterBits
                0x0000000008001fde       0x3c Drivers/BSP/Components/st25r3911_com.o
                0x0000000008001fde                st25r3911SetRegisterBits
 .text.st25r3911ChangeRegisterBits
                0x000000000800201a       0x2c Drivers/BSP/Components/st25r3911_com.o
                0x000000000800201a                st25r3911ChangeRegisterBits
 .text.st25r3911ModifyRegister
                0x0000000008002046       0x52 Drivers/BSP/Components/st25r3911_com.o
                0x0000000008002046                st25r3911ModifyRegister
 .text.st25r3911ChangeTestRegisterBits
                0x0000000008002098       0x54 Drivers/BSP/Components/st25r3911_com.o
                0x0000000008002098                st25r3911ChangeTestRegisterBits
 .text.st25r3911WriteFifo
                0x00000000080020ec       0x90 Drivers/BSP/Components/st25r3911_com.o
                0x00000000080020ec                st25r3911WriteFifo
 .text.st25r3911ReadFifo
                0x000000000800217c       0x90 Drivers/BSP/Components/st25r3911_com.o
                0x000000000800217c                st25r3911ReadFifo
 .text.st25r3911ExecuteCommand
                0x000000000800220c       0x9c Drivers/BSP/Components/st25r3911_com.o
                0x000000000800220c                st25r3911ExecuteCommand
 .text.st25r3911ExecuteCommands
                0x00000000080022a8       0x78 Drivers/BSP/Components/st25r3911_com.o
                0x00000000080022a8                st25r3911ExecuteCommands
 .text.__NVIC_EnableIRQ
                0x0000000008002320       0x3c Drivers/BSP/Components/st25r3911_interrupt.o
 .text.__NVIC_DisableIRQ
                0x000000000800235c       0x44 Drivers/BSP/Components/st25r3911_interrupt.o
 .text.st25r3911InitInterrupts
                0x00000000080023a0       0x34 Drivers/BSP/Components/st25r3911_interrupt.o
                0x00000000080023a0                st25r3911InitInterrupts
 .text.st25r3911Isr
                0x00000000080023d4       0x20 Drivers/BSP/Components/st25r3911_interrupt.o
                0x00000000080023d4                st25r3911Isr
 .text.st25r3911CheckForReceivedInterrupts
                0x00000000080023f4       0xc0 Drivers/BSP/Components/st25r3911_interrupt.o
                0x00000000080023f4                st25r3911CheckForReceivedInterrupts
 .text.st25r3911ModifyInterrupts
                0x00000000080024b4       0x88 Drivers/BSP/Components/st25r3911_interrupt.o
                0x00000000080024b4                st25r3911ModifyInterrupts
 .text.st25r3911WaitForInterruptsTimed
                0x000000000800253c       0xa0 Drivers/BSP/Components/st25r3911_interrupt.o
                0x000000000800253c                st25r3911WaitForInterruptsTimed
 .text.st25r3911GetInterrupt
                0x00000000080025dc       0x70 Drivers/BSP/Components/st25r3911_interrupt.o
                0x00000000080025dc                st25r3911GetInterrupt
 .text.st25r3911EnableInterrupts
                0x000000000800264c       0x18 Drivers/BSP/Components/st25r3911_interrupt.o
                0x000000000800264c                st25r3911EnableInterrupts
 .text.st25r3911DisableInterrupts
                0x0000000008002664       0x18 Drivers/BSP/Components/st25r3911_interrupt.o
                0x0000000008002664                st25r3911DisableInterrupts
 .text.st25r3911ClearInterrupts
                0x000000000800267c       0x64 Drivers/BSP/Components/st25r3911_interrupt.o
                0x000000000800267c                st25r3911ClearInterrupts
 .text.timerCalculateTimer
                0x00000000080026e0       0x1c Drivers/BSP/Components/timer.o
                0x00000000080026e0                timerCalculateTimer
 .text.timerIsExpired
                0x00000000080026fc       0x2c Drivers/BSP/Components/timer.o
                0x00000000080026fc                timerIsExpired
 .text.HAL_Init
                0x0000000008002728       0x44 Drivers/STM32F4xx_HAL_Driver/Src/stm32f4xx_hal.o
                0x0000000008002728                HAL_Init
 .text.HAL_InitTick
                0x000000000800276c       0x60 Drivers/STM32F4xx_HAL_Driver/Src/stm32f4xx_hal.o
                0x000000000800276c                HAL_InitTick
 .text.HAL_IncTick
                0x00000000080027cc       0x28 Drivers/STM32F4xx_HAL_Driver/Src/stm32f4xx_hal.o
                0x00000000080027cc                HAL_IncTick
 .text.HAL_GetTick
                0x00000000080027f4       0x18 Drivers/STM32F4xx_HAL_Driver/Src/stm32f4xx_hal.o
                0x00000000080027f4                HAL_GetTick
 .text.HAL_Delay
                0x000000000800280c       0x44 Drivers/STM32F4xx_HAL_Driver/Src/stm32f4xx_hal.o
                0x000000000800280c                HAL_Delay
 .text.__NVIC_SetPriorityGrouping
                0x0000000008002850       0x48 Drivers/STM32F4xx_HAL_Driver/Src/stm32f4xx_hal_cortex.o
 .text.__NVIC_GetPriorityGrouping
                0x0000000008002898       0x1c Drivers/STM32F4xx_HAL_Driver/Src/stm32f4xx_hal_cortex.o
 .text.__NVIC_EnableIRQ
                0x00000000080028b4       0x3c Drivers/STM32F4xx_HAL_Driver/Src/stm32f4xx_hal_cortex.o
 .text.__NVIC_SetPriority
                0x00000000080028f0       0x54 Drivers/STM32F4xx_HAL_Driver/Src/stm32f4xx_hal_cortex.o
 .text.NVIC_EncodePriority
                0x0000000008002944       0x66 Drivers/STM32F4xx_HAL_Driver/Src/stm32f4xx_hal_cortex.o
 *fill*         0x00000000080029aa        0x2 
 .text.SysTick_Config
                0x00000000080029ac       0x44 Drivers/STM32F4xx_HAL_Driver/Src/stm32f4xx_hal_cortex.o
 .text.HAL_NVIC_SetPriorityGrouping
                0x00000000080029f0       0x16 Drivers/STM32F4xx_HAL_Driver/Src/stm32f4xx_hal_cortex.o
                0x00000000080029f0                HAL_NVIC_SetPriorityGrouping
 .text.HAL_NVIC_SetPriority
                0x0000000008002a06       0x38 Drivers/STM32F4xx_HAL_Driver/Src/stm32f4xx_hal_cortex.o
                0x0000000008002a06                HAL_NVIC_SetPriority
 .text.HAL_NVIC_EnableIRQ
                0x0000000008002a3e       0x1c Drivers/STM32F4xx_HAL_Driver/Src/stm32f4xx_hal_cortex.o
                0x0000000008002a3e                HAL_NVIC_EnableIRQ
 .text.HAL_SYSTICK_Config
                0x0000000008002a5a       0x18 Drivers/STM32F4xx_HAL_Driver/Src/stm32f4xx_hal_cortex.o
                0x0000000008002a5a                HAL_SYSTICK_Config
 *fill*         0x0000000008002a72        0x2 
 .text.HAL_GPIO_Init
                0x0000000008002a74      0x304 Drivers/STM32F4xx_HAL_Driver/Src/stm32f4xx_hal_gpio.o
                0x0000000008002a74                HAL_GPIO_Init
 .text.HAL_GPIO_ReadPin
                0x0000000008002d78       0x30 Drivers/STM32F4xx_HAL_Driver/Src/stm32f4xx_hal_gpio.o
                0x0000000008002d78                HAL_GPIO_ReadPin
 .text.HAL_GPIO_WritePin
                0x0000000008002da8       0x32 Drivers/STM32F4xx_HAL_Driver/Src/stm32f4xx_hal_gpio.o
                0x0000000008002da8                HAL_GPIO_WritePin
 *fill*         0x0000000008002dda        0x2 
 .text.HAL_GPIO_EXTI_IRQHandler
                0x0000000008002ddc       0x30 Drivers/STM32F4xx_HAL_Driver/Src/stm32f4xx_hal_gpio.o
                0x0000000008002ddc                HAL_GPIO_EXTI_IRQHandler
 .text.HAL_RCC_OscConfig
                0x0000000008002e0c      0x4e0 Drivers/STM32F4xx_HAL_Driver/Src/stm32f4xx_hal_rcc.o
                0x0000000008002e0c                HAL_RCC_OscConfig
 .text.HAL_RCC_ClockConfig
                0x00000000080032ec      0x1cc Drivers/STM32F4xx_HAL_Driver/Src/stm32f4xx_hal_rcc.o
                0x00000000080032ec                HAL_RCC_ClockConfig
 .text.HAL_RCC_GetSysClockFreq
                0x00000000080034b8      0x1b0 Drivers/STM32F4xx_HAL_Driver/Src/stm32f4xx_hal_rcc.o
                0x00000000080034b8                HAL_RCC_GetSysClockFreq
 .text.HAL_RCC_GetHCLKFreq
                0x0000000008003668       0x18 Drivers/STM32F4xx_HAL_Driver/Src/stm32f4xx_hal_rcc.o
                0x0000000008003668                HAL_RCC_GetHCLKFreq
 .text.HAL_RCC_GetPCLK1Freq
                0x0000000008003680       0x28 Drivers/STM32F4xx_HAL_Driver/Src/stm32f4xx_hal_rcc.o
                0x0000000008003680                HAL_RCC_GetPCLK1Freq
 .text.HAL_RCC_GetPCLK2Freq
                0x00000000080036a8       0x28 Drivers/STM32F4xx_HAL_Driver/Src/stm32f4xx_hal_rcc.o
                0x00000000080036a8                HAL_RCC_GetPCLK2Freq
 .text.HAL_SPI_Init
                0x00000000080036d0       0xc8 Drivers/STM32F4xx_HAL_Driver/Src/stm32f4xx_hal_spi.o
                0x00000000080036d0                HAL_SPI_Init
 .text.HAL_SPI_TransmitReceive
                0x0000000008003798      0x344 Drivers/STM32F4xx_HAL_Driver/Src/stm32f4xx_hal_spi.o
                0x0000000008003798                HAL_SPI_TransmitReceive
 .text.SPI_WaitFlagStateUntilTimeout
                0x0000000008003adc       0xd4 Drivers/STM32F4xx_HAL_Driver/Src/stm32f4xx_hal_spi.o
 .text.SPI_EndRxTxTransaction
                0x0000000008003bb0       0x84 Drivers/STM32F4xx_HAL_Driver/Src/stm32f4xx_hal_spi.o
 .text.HAL_UART_Init
                0x0000000008003c34       0x9a Drivers/STM32F4xx_HAL_Driver/Src/stm32f4xx_hal_uart.o
                0x0000000008003c34                HAL_UART_Init
 .text.HAL_UART_Transmit
                0x0000000008003cce      0x132 Drivers/STM32F4xx_HAL_Driver/Src/stm32f4xx_hal_uart.o
                0x0000000008003cce                HAL_UART_Transmit
 .text.UART_WaitOnFlagUntilTimeout
                0x0000000008003e00       0x94 Drivers/STM32F4xx_HAL_Driver/Src/stm32f4xx_hal_uart.o
 .text.UART_SetConfig
                0x0000000008003e94      0x6f8 Drivers/STM32F4xx_HAL_Driver/Src/stm32f4xx_hal_uart.o
 .text.rfalAnalogConfigInitialize
                0x000000000800458c       0x2c Middlewares/RFAL/Src/rfal_analogConfig.o
                0x000000000800458c                rfalAnalogConfigInitialize
 .text.rfalSetAnalogConfig
                0x00000000080045b8      0x144 Middlewares/RFAL/Src/rfal_analogConfig.o
                0x00000000080045b8                rfalSetAnalogConfig
 .text.rfalAnalogConfigSearch
                0x00000000080046fc       0xc8 Middlewares/RFAL/Src/rfal_analogConfig.o
 .text.rfalCrcCalculateCcitt
                0x00000000080047c4       0x48 Middlewares/RFAL/Src/rfal_crc.o
                0x00000000080047c4                rfalCrcCalculateCcitt
 .text.rfalCrcUpdateCcitt
                0x000000000800480c       0x6a Middlewares/RFAL/Src/rfal_crc.o
 *fill*         0x0000000008004876        0x2 
 .text.iso15693PhyConfigure
                0x0000000008004878       0x4c Middlewares/RFAL/Src/rfal_iso15693_2.o
                0x0000000008004878                iso15693PhyConfigure
 .text.iso15693VCDCode
                0x00000000080048c4      0x2ec Middlewares/RFAL/Src/rfal_iso15693_2.o
                0x00000000080048c4                iso15693VCDCode
 .text.iso15693VICCDecode
                0x0000000008004bb0      0x23c Middlewares/RFAL/Src/rfal_iso15693_2.o
                0x0000000008004bb0                iso15693VICCDecode
 .text.iso15693PhyVCDCode1Of4
                0x0000000008004dec       0xa8 Middlewares/RFAL/Src/rfal_iso15693_2.o
 .text.iso15693PhyVCDCode1Of256
                0x0000000008004e94       0xac Middlewares/RFAL/Src/rfal_iso15693_2.o
 .text.isoDepClearCounters
                0x0000000008004f40       0x24 Middlewares/RFAL/Src/rfal_isoDep.o
 .text.isoDepTx
                0x0000000008004f64      0x130 Middlewares/RFAL/Src/rfal_isoDep.o
 .text.isoDepHandleControlMsg
                0x0000000008005094      0x174 Middlewares/RFAL/Src/rfal_isoDep.o
 .text.rfalIsoDepInitialize
                0x0000000008005208       0xa4 Middlewares/RFAL/Src/rfal_isoDep.o
                0x0000000008005208                rfalIsoDepInitialize
 .text.isoDepDataExchangePCD
                0x00000000080052ac      0x550 Middlewares/RFAL/Src/rfal_isoDep.o
 .text.rfalIsoDepDeselect
                0x00000000080057fc       0xa0 Middlewares/RFAL/Src/rfal_isoDep.o
                0x00000000080057fc                rfalIsoDepDeselect
 .text.rfalIsoDepFWI2FWT
                0x000000000800589c       0x40 Middlewares/RFAL/Src/rfal_isoDep.o
                0x000000000800589c                rfalIsoDepFWI2FWT
 .text.rfalIsoDepFSxI2FSx
                0x00000000080058dc       0xe0 Middlewares/RFAL/Src/rfal_isoDep.o
                0x00000000080058dc                rfalIsoDepFSxI2FSx
 .text.rfalIsoDepGetTransceiveStatus
                0x00000000080059bc       0x2c Middlewares/RFAL/Src/rfal_isoDep.o
                0x00000000080059bc                rfalIsoDepGetTransceiveStatus
 .text.rfalIsoDepRATS
                0x00000000080059e8       0xa8 Middlewares/RFAL/Src/rfal_isoDep.o
                0x00000000080059e8                rfalIsoDepRATS
 .text.rfalIsoDepPPS
                0x0000000008005a90       0xa4 Middlewares/RFAL/Src/rfal_isoDep.o
                0x0000000008005a90                rfalIsoDepPPS
 .text.rfalIsoDepATTRIB
                0x0000000008005b34      0x114 Middlewares/RFAL/Src/rfal_isoDep.o
                0x0000000008005b34                rfalIsoDepATTRIB
 .text.rfalIsoDepPollAHandleActivation
                0x0000000008005c48      0x2b4 Middlewares/RFAL/Src/rfal_isoDep.o
                0x0000000008005c48                rfalIsoDepPollAHandleActivation
 .text.rfalIsoDepPollBHandleActivation
                0x0000000008005efc      0x238 Middlewares/RFAL/Src/rfal_isoDep.o
                0x0000000008005efc                rfalIsoDepPollBHandleActivation
 .text.rfalIsoDepCalcBitRate
                0x0000000008006134      0x146 Middlewares/RFAL/Src/rfal_isoDep.o
 *fill*         0x000000000800627a        0x2 
 .text.rfalIsoDepSFGI2SFGT
                0x000000000800627c       0x58 Middlewares/RFAL/Src/rfal_isoDep.o
 .text.rfalNfcInitialize
                0x00000000080062d4       0x38 Middlewares/RFAL/Src/rfal_nfc.o
                0x00000000080062d4                rfalNfcInitialize
 .text.rfalNfcDiscover
                0x000000000800630c      0x124 Middlewares/RFAL/Src/rfal_nfc.o
                0x000000000800630c                rfalNfcDiscover
 .text.rfalNfcDeactivate
                0x0000000008006430       0x44 Middlewares/RFAL/Src/rfal_nfc.o
                0x0000000008006430                rfalNfcDeactivate
 .text.rfalNfcSelect
                0x0000000008006474       0x34 Middlewares/RFAL/Src/rfal_nfc.o
                0x0000000008006474                rfalNfcSelect
 .text.rfalNfcGetState
                0x00000000080064a8       0x18 Middlewares/RFAL/Src/rfal_nfc.o
                0x00000000080064a8                rfalNfcGetState
 .text.rfalNfcGetDevicesFound
                0x00000000080064c0       0x4c Middlewares/RFAL/Src/rfal_nfc.o
                0x00000000080064c0                rfalNfcGetDevicesFound
 .text.rfalNfcGetActiveDevice
                0x000000000800650c       0x50 Middlewares/RFAL/Src/rfal_nfc.o
                0x000000000800650c                rfalNfcGetActiveDevice
 .text.rfalNfcWorker
                0x000000000800655c      0x2ec Middlewares/RFAL/Src/rfal_nfc.o
                0x000000000800655c                rfalNfcWorker
 .text.rfalNfcDataExchangeGetStatus
                0x0000000008006848       0xc0 Middlewares/RFAL/Src/rfal_nfc.o
                0x0000000008006848                rfalNfcDataExchangeGetStatus
 .text.rfalNfcPollTechDetetection
                0x0000000008006908      0x31c Middlewares/RFAL/Src/rfal_nfc.o
 .text.rfalNfcPollCollResolution
                0x0000000008006c24      0x5a4 Middlewares/RFAL/Src/rfal_nfc.o
 .text.rfalNfcPollActivation
                0x00000000080071c8      0x558 Middlewares/RFAL/Src/rfal_nfc.o
 .text.rfalNfcNfcDepActivate
                0x0000000008007720       0x94 Middlewares/RFAL/Src/rfal_nfc.o
 .text.rfalNfcDeactivation
                0x00000000080077b4       0x50 Middlewares/RFAL/Src/rfal_nfc.o
 .text.nfcipDxIsSupported
                0x0000000008007804       0x46 Middlewares/RFAL/Src/rfal_nfcDep.o
 *fill*         0x000000000800784a        0x2 
 .text.nfcipTxRx
                0x000000000800784c       0x90 Middlewares/RFAL/Src/rfal_nfcDep.o
 .text.nfcipDEPControlMsg
                0x00000000080078dc       0xc0 Middlewares/RFAL/Src/rfal_nfcDep.o
 .text.nfcipClearCounters
                0x000000000800799c       0x3c Middlewares/RFAL/Src/rfal_nfcDep.o
 .text.nfcipInitiatorHandleDEP
                0x00000000080079d8      0x5a0 Middlewares/RFAL/Src/rfal_nfcDep.o
 .text.nfcipTargetHandleRX
                0x0000000008007f78      0x894 Middlewares/RFAL/Src/rfal_nfcDep.o
 .text.nfcipTx  0x000000000800880c      0x318 Middlewares/RFAL/Src/rfal_nfcDep.o
 .text.nfcipConfig
                0x0000000008008b24       0x84 Middlewares/RFAL/Src/rfal_nfcDep.o
 .text.nfcipRun
                0x0000000008008ba8      0x264 Middlewares/RFAL/Src/rfal_nfcDep.o
 .text.rfalNfcDepInitialize
                0x0000000008008e0c       0xac Middlewares/RFAL/Src/rfal_nfcDep.o
                0x0000000008008e0c                rfalNfcDepInitialize
 .text.rfalNfcDepATR
                0x0000000008008eb8      0x1b4 Middlewares/RFAL/Src/rfal_nfcDep.o
                0x0000000008008eb8                rfalNfcDepATR
 .text.rfalNfcDepPSL
                0x000000000800906c      0x104 Middlewares/RFAL/Src/rfal_nfcDep.o
                0x000000000800906c                rfalNfcDepPSL
 .text.rfalNfcDepRLS
                0x0000000008009170       0xd8 Middlewares/RFAL/Src/rfal_nfcDep.o
                0x0000000008009170                rfalNfcDepRLS
 .text.rfalNfcDepInitiatorHandleActivation
                0x0000000008009248      0x1e0 Middlewares/RFAL/Src/rfal_nfcDep.o
                0x0000000008009248                rfalNfcDepInitiatorHandleActivation
 .text.rfalNfcDepCalculateRWT
                0x0000000008009428       0x2e Middlewares/RFAL/Src/rfal_nfcDep.o
                0x0000000008009428                rfalNfcDepCalculateRWT
 *fill*         0x0000000008009456        0x2 
 .text.nfcipDataTx
                0x0000000008009458       0x40 Middlewares/RFAL/Src/rfal_nfcDep.o
 .text.nfcipDataRx
                0x0000000008009498       0x88 Middlewares/RFAL/Src/rfal_nfcDep.o
 .text.rfalNfcDepGetTransceiveStatus
                0x0000000008009520       0x20 Middlewares/RFAL/Src/rfal_nfcDep.o
                0x0000000008009520                rfalNfcDepGetTransceiveStatus
 .text.rfalNfcaCalculateBcc
                0x0000000008009540       0x40 Middlewares/RFAL/Src/rfal_nfca.o
 .text.rfalNfcaPollerInitialize
                0x0000000008009580       0x48 Middlewares/RFAL/Src/rfal_nfca.o
                0x0000000008009580                rfalNfcaPollerInitialize
 .text.rfalNfcaPollerCheckPresence
                0x00000000080095c8       0x52 Middlewares/RFAL/Src/rfal_nfca.o
                0x00000000080095c8                rfalNfcaPollerCheckPresence
 .text.rfalNfcaPollerTechnologyDetection
                0x000000000800961a       0x42 Middlewares/RFAL/Src/rfal_nfca.o
                0x000000000800961a                rfalNfcaPollerTechnologyDetection
 .text.rfalNfcaPollerSingleCollisionResolution
                0x000000000800965c      0x39e Middlewares/RFAL/Src/rfal_nfca.o
                0x000000000800965c                rfalNfcaPollerSingleCollisionResolution
 .text.rfalNfcaPollerFullCollisionResolution
                0x00000000080099fa      0x238 Middlewares/RFAL/Src/rfal_nfca.o
                0x00000000080099fa                rfalNfcaPollerFullCollisionResolution
 *fill*         0x0000000008009c32        0x2 
 .text.rfalNfcaPollerSelect
                0x0000000008009c34       0xe4 Middlewares/RFAL/Src/rfal_nfca.o
                0x0000000008009c34                rfalNfcaPollerSelect
 .text.rfalNfcaPollerSleep
                0x0000000008009d18       0x32 Middlewares/RFAL/Src/rfal_nfca.o
                0x0000000008009d18                rfalNfcaPollerSleep
 .text.rfalNfcbCheckSensbRes
                0x0000000008009d4a       0x42 Middlewares/RFAL/Src/rfal_nfcb.o
 .text.rfalNfcbPollerInitialize
                0x0000000008009d8c       0x58 Middlewares/RFAL/Src/rfal_nfcb.o
                0x0000000008009d8c                rfalNfcbPollerInitialize
 .text.rfalNfcbPollerCheckPresence
                0x0000000008009de4       0xcc Middlewares/RFAL/Src/rfal_nfcb.o
                0x0000000008009de4                rfalNfcbPollerCheckPresence
 .text.rfalNfcbPollerSleep
                0x0000000008009eb0       0x68 Middlewares/RFAL/Src/rfal_nfcb.o
                0x0000000008009eb0                rfalNfcbPollerSleep
 .text.rfalNfcbPollerSlotMarker
                0x0000000008009f18       0x98 Middlewares/RFAL/Src/rfal_nfcb.o
                0x0000000008009f18                rfalNfcbPollerSlotMarker
 .text.rfalNfcbPollerTechnologyDetection
                0x0000000008009fb0       0x24 Middlewares/RFAL/Src/rfal_nfcb.o
                0x0000000008009fb0                rfalNfcbPollerTechnologyDetection
 .text.rfalNfcbPollerCollisionResolution
                0x0000000008009fd4       0x36 Middlewares/RFAL/Src/rfal_nfcb.o
                0x0000000008009fd4                rfalNfcbPollerCollisionResolution
 .text.rfalNfcbPollerSlottedCollisionResolution
                0x000000000800a00a      0x2ee Middlewares/RFAL/Src/rfal_nfcb.o
                0x000000000800a00a                rfalNfcbPollerSlottedCollisionResolution
 .text.rfalNfcbTR2ToFDT
                0x000000000800a2f8       0x3c Middlewares/RFAL/Src/rfal_nfcb.o
                0x000000000800a2f8                rfalNfcbTR2ToFDT
 .text.rfalNfcfComputeValidSENF
                0x000000000800a334      0x204 Middlewares/RFAL/Src/rfal_nfcf.o
 .text.rfalNfcfPollerInitialize
                0x000000000800a538       0x60 Middlewares/RFAL/Src/rfal_nfcf.o
                0x000000000800a538                rfalNfcfPollerInitialize
 .text.rfalNfcfPollerPoll
                0x000000000800a598       0x3c Middlewares/RFAL/Src/rfal_nfcf.o
                0x000000000800a598                rfalNfcfPollerPoll
 .text.rfalNfcfPollerCheckPresence
                0x000000000800a5d4       0x40 Middlewares/RFAL/Src/rfal_nfcf.o
                0x000000000800a5d4                rfalNfcfPollerCheckPresence
 .text.rfalNfcfPollerCollisionResolution
                0x000000000800a614       0xe0 Middlewares/RFAL/Src/rfal_nfcf.o
                0x000000000800a614                rfalNfcfPollerCollisionResolution
 .text.rfalNfcvPollerInitialize
                0x000000000800a6f4       0x48 Middlewares/RFAL/Src/rfal_nfcv.o
                0x000000000800a6f4                rfalNfcvPollerInitialize
 .text.rfalNfcvPollerCheckPresence
                0x000000000800a73c       0x42 Middlewares/RFAL/Src/rfal_nfcv.o
                0x000000000800a73c                rfalNfcvPollerCheckPresence
 .text.rfalNfcvPollerInventory
                0x000000000800a77e       0xc6 Middlewares/RFAL/Src/rfal_nfcv.o
                0x000000000800a77e                rfalNfcvPollerInventory
 .text.rfalNfcvPollerCollisionResolution
                0x000000000800a844      0x34c Middlewares/RFAL/Src/rfal_nfcv.o
                0x000000000800a844                rfalNfcvPollerCollisionResolution
 .text.rfalInitialize
                0x000000000800ab90       0xc0 Middlewares/RFAL/Src/rfal_rfst25r3911.o
                0x000000000800ab90                rfalInitialize
 .text.rfalCalibrate
                0x000000000800ac50       0x78 Middlewares/RFAL/Src/rfal_rfst25r3911.o
                0x000000000800ac50                rfalCalibrate
 .text.rfalSetMode
                0x000000000800acc8      0x224 Middlewares/RFAL/Src/rfal_rfst25r3911.o
                0x000000000800acc8                rfalSetMode
 .text.rfalSetBitRate
                0x000000000800aeec      0x4c4 Middlewares/RFAL/Src/rfal_rfst25r3911.o
                0x000000000800aeec                rfalSetBitRate
 .text.rfalGetBitRate
                0x000000000800b3b0       0x4c Middlewares/RFAL/Src/rfal_rfst25r3911.o
                0x000000000800b3b0                rfalGetBitRate
 .text.rfalSetErrorHandling
                0x000000000800b3fc       0x20 Middlewares/RFAL/Src/rfal_rfst25r3911.o
                0x000000000800b3fc                rfalSetErrorHandling
 .text.rfalSetFDTPoll
                0x000000000800b41c       0x2c Middlewares/RFAL/Src/rfal_rfst25r3911.o
                0x000000000800b41c                rfalSetFDTPoll
 .text.rfalSetFDTListen
                0x000000000800b448       0x28 Middlewares/RFAL/Src/rfal_rfst25r3911.o
                0x000000000800b448                rfalSetFDTListen
 .text.rfalSetGT
                0x000000000800b470       0x2c Middlewares/RFAL/Src/rfal_rfst25r3911.o
                0x000000000800b470                rfalSetGT
 .text.rfalIsGTExpired
                0x000000000800b49c       0x30 Middlewares/RFAL/Src/rfal_rfst25r3911.o
                0x000000000800b49c                rfalIsGTExpired
 .text.rfalFieldOnAndStartGT
                0x000000000800b4cc       0xc4 Middlewares/RFAL/Src/rfal_rfst25r3911.o
                0x000000000800b4cc                rfalFieldOnAndStartGT
 .text.rfalFieldOff
                0x000000000800b590       0x2c Middlewares/RFAL/Src/rfal_rfst25r3911.o
                0x000000000800b590                rfalFieldOff
 .text.rfalStartTransceive
                0x000000000800b5bc      0x260 Middlewares/RFAL/Src/rfal_rfst25r3911.o
                0x000000000800b5bc                rfalStartTransceive
 .text.rfalIsTransceiveInTx
                0x000000000800b81c       0x30 Middlewares/RFAL/Src/rfal_rfst25r3911.o
                0x000000000800b81c                rfalIsTransceiveInTx
 .text.rfalIsTransceiveInRx
                0x000000000800b84c       0x20 Middlewares/RFAL/Src/rfal_rfst25r3911.o
                0x000000000800b84c                rfalIsTransceiveInRx
 .text.rfalTransceiveBlockingTx
                0x000000000800b86c       0x5e Middlewares/RFAL/Src/rfal_rfst25r3911.o
                0x000000000800b86c                rfalTransceiveBlockingTx
 .text.rfalTransceiveRunBlockingTx
                0x000000000800b8ca       0x3a Middlewares/RFAL/Src/rfal_rfst25r3911.o
 .text.rfalTransceiveBlockingRx
                0x000000000800b904       0x2c Middlewares/RFAL/Src/rfal_rfst25r3911.o
                0x000000000800b904                rfalTransceiveBlockingRx
 .text.rfalTransceiveBlockingTxRx
                0x000000000800b930       0x62 Middlewares/RFAL/Src/rfal_rfst25r3911.o
                0x000000000800b930                rfalTransceiveBlockingTxRx
 *fill*         0x000000000800b992        0x2 
 .text.rfalRunTransceiveWorker
                0x000000000800b994       0x44 Middlewares/RFAL/Src/rfal_rfst25r3911.o
 .text.rfalGetTransceiveStatus
                0x000000000800b9d8       0x24 Middlewares/RFAL/Src/rfal_rfst25r3911.o
                0x000000000800b9d8                rfalGetTransceiveStatus
 .text.rfalWorker
                0x000000000800b9fc       0x28 Middlewares/RFAL/Src/rfal_rfst25r3911.o
                0x000000000800b9fc                rfalWorker
 .text.rfalErrorHandling
                0x000000000800ba24      0x10c Middlewares/RFAL/Src/rfal_rfst25r3911.o
 .text.rfalCleanupTransceive
                0x000000000800bb30       0x2c Middlewares/RFAL/Src/rfal_rfst25r3911.o
 .text.rfalPrepareTransceive
                0x000000000800bb5c      0x12c Middlewares/RFAL/Src/rfal_rfst25r3911.o
 .text.rfalTransceiveTx
                0x000000000800bc88      0x498 Middlewares/RFAL/Src/rfal_rfst25r3911.o
 .text.rfalTransceiveRx
                0x000000000800c120      0x690 Middlewares/RFAL/Src/rfal_rfst25r3911.o
 .text.rfalFIFOStatusUpdate
                0x000000000800c7b0       0x24 Middlewares/RFAL/Src/rfal_rfst25r3911.o
 .text.rfalFIFOStatusClear
                0x000000000800c7d4       0x1c Middlewares/RFAL/Src/rfal_rfst25r3911.o
 .text.rfalFIFOStatusGetNumBytes
                0x000000000800c7f0       0x18 Middlewares/RFAL/Src/rfal_rfst25r3911.o
 .text.rfalFIFOStatusIsIncompleteByte
                0x000000000800c808       0x24 Middlewares/RFAL/Src/rfal_rfst25r3911.o
 .text.rfalFIFOStatusIsMissingPar
                0x000000000800c82c       0x24 Middlewares/RFAL/Src/rfal_rfst25r3911.o
 .text.rfalFIFOGetNumIncompleteBits
                0x000000000800c850       0x20 Middlewares/RFAL/Src/rfal_rfst25r3911.o
 .text.rfalISO14443ATransceiveShortFrame
                0x000000000800c870      0x1f8 Middlewares/RFAL/Src/rfal_rfst25r3911.o
                0x000000000800c870                rfalISO14443ATransceiveShortFrame
 .text.rfalISO14443ATransceiveAnticollisionFrame
                0x000000000800ca68      0x1f0 Middlewares/RFAL/Src/rfal_rfst25r3911.o
                0x000000000800ca68                rfalISO14443ATransceiveAnticollisionFrame
 .text.rfalISO15693TransceiveAnticollisionFrame
                0x000000000800cc58       0xc0 Middlewares/RFAL/Src/rfal_rfst25r3911.o
                0x000000000800cc58                rfalISO15693TransceiveAnticollisionFrame
 .text.rfalISO15693TransceiveEOFAnticollision
                0x000000000800cd18       0x2c Middlewares/RFAL/Src/rfal_rfst25r3911.o
                0x000000000800cd18                rfalISO15693TransceiveEOFAnticollision
 .text.rfalFeliCaPoll
                0x000000000800cd44      0x1e0 Middlewares/RFAL/Src/rfal_rfst25r3911.o
                0x000000000800cd44                rfalFeliCaPoll
 .text.rfalWakeUpModeStart
                0x000000000800cf24      0x39c Middlewares/RFAL/Src/rfal_rfst25r3911.o
                0x000000000800cf24                rfalWakeUpModeStart
 .text.rfalWakeUpModeHasWoke
                0x000000000800d2c0       0x24 Middlewares/RFAL/Src/rfal_rfst25r3911.o
                0x000000000800d2c0                rfalWakeUpModeHasWoke
 .text.rfalRunWakeUpModeWorker
                0x000000000800d2e4       0x7c Middlewares/RFAL/Src/rfal_rfst25r3911.o
 .text.rfalWakeUpModeStop
                0x000000000800d360       0x48 Middlewares/RFAL/Src/rfal_rfst25r3911.o
                0x000000000800d360                rfalWakeUpModeStop
 .text.rfalChipChangeRegBits
                0x000000000800d3a8       0x2a Middlewares/RFAL/Src/rfal_rfst25r3911.o
                0x000000000800d3a8                rfalChipChangeRegBits
 .text.rfalChipChangeTestRegBits
                0x000000000800d3d2       0x2a Middlewares/RFAL/Src/rfal_rfst25r3911.o
                0x000000000800d3d2                rfalChipChangeTestRegBits
 .text.rfalSt25tbPollerDoCollisionResolution
                0x000000000800d3fc      0x112 Middlewares/RFAL/Src/rfal_st25tb.o
 .text.rfalSt25tbPollerInitialize
                0x000000000800d50e        0xe Middlewares/RFAL/Src/rfal_st25tb.o
                0x000000000800d50e                rfalSt25tbPollerInitialize
 .text.rfalSt25tbPollerCheckPresence
                0x000000000800d51c       0x40 Middlewares/RFAL/Src/rfal_st25tb.o
                0x000000000800d51c                rfalSt25tbPollerCheckPresence
 .text.rfalSt25tbPollerInitiate
                0x000000000800d55c       0x5a Middlewares/RFAL/Src/rfal_st25tb.o
                0x000000000800d55c                rfalSt25tbPollerInitiate
 .text.rfalSt25tbPollerPcall
                0x000000000800d5b6       0x4c Middlewares/RFAL/Src/rfal_st25tb.o
                0x000000000800d5b6                rfalSt25tbPollerPcall
 .text.rfalSt25tbPollerSlotMarker
                0x000000000800d602       0x66 Middlewares/RFAL/Src/rfal_st25tb.o
                0x000000000800d602                rfalSt25tbPollerSlotMarker
 .text.rfalSt25tbPollerSelect
                0x000000000800d668       0x58 Middlewares/RFAL/Src/rfal_st25tb.o
                0x000000000800d668                rfalSt25tbPollerSelect
 .text.rfalSt25tbPollerGetUID
                0x000000000800d6c0       0x48 Middlewares/RFAL/Src/rfal_st25tb.o
                0x000000000800d6c0                rfalSt25tbPollerGetUID
 .text.rfalSt25tbPollerCollisionResolution
                0x000000000800d708       0xe6 Middlewares/RFAL/Src/rfal_st25tb.o
                0x000000000800d708                rfalSt25tbPollerCollisionResolution
 .text.rfalT1TPollerInitialize
                0x000000000800d7ee       0x44 Middlewares/RFAL/Src/rfal_t1t.o
                0x000000000800d7ee                rfalT1TPollerInitialize
 .text.rfalT1TPollerRid
                0x000000000800d832       0x70 Middlewares/RFAL/Src/rfal_t1t.o
                0x000000000800d832                rfalT1TPollerRid
 *fill*         0x000000000800d8a2        0x2 
 .text.__errno  0x000000000800d8a4        0xc c:/st/stm32cubeide_1.1.0/stm32cubeide/plugins/com.st.stm32cube.ide.mcu.externaltools.gnu-tools-for-stm32.7-2018-q2-update.win32_1.0.0.201904181610/tools/bin/../lib/gcc/arm-none-eabi/7.3.1/../../../../arm-none-eabi/lib/thumb/v7e-m/fpv4-sp/hard\libc_nano.a(lib_a-errno.o)
                0x000000000800d8a4                __errno
 .text.__libc_init_array
                0x000000000800d8b0       0x48 c:/st/stm32cubeide_1.1.0/stm32cubeide/plugins/com.st.stm32cube.ide.mcu.externaltools.gnu-tools-for-stm32.7-2018-q2-update.win32_1.0.0.201904181610/tools/bin/../lib/gcc/arm-none-eabi/7.3.1/../../../../arm-none-eabi/lib/thumb/v7e-m/fpv4-sp/hard\libc_nano.a(lib_a-init.o)
                0x000000000800d8b0                __libc_init_array
 .text.malloc   0x000000000800d8f8       0x10 c:/st/stm32cubeide_1.1.0/stm32cubeide/plugins/com.st.stm32cube.ide.mcu.externaltools.gnu-tools-for-stm32.7-2018-q2-update.win32_1.0.0.201904181610/tools/bin/../lib/gcc/arm-none-eabi/7.3.1/../../../../arm-none-eabi/lib/thumb/v7e-m/fpv4-sp/hard\libc_nano.a(lib_a-malloc.o)
                0x000000000800d8f8                malloc
 .text.memcmp   0x000000000800d908       0x1e c:/st/stm32cubeide_1.1.0/stm32cubeide/plugins/com.st.stm32cube.ide.mcu.externaltools.gnu-tools-for-stm32.7-2018-q2-update.win32_1.0.0.201904181610/tools/bin/../lib/gcc/arm-none-eabi/7.3.1/../../../../arm-none-eabi/lib/thumb/v7e-m/fpv4-sp/hard\libc_nano.a(lib_a-memcmp.o)
                0x000000000800d908                memcmp
 .text.memcpy   0x000000000800d926       0x16 c:/st/stm32cubeide_1.1.0/stm32cubeide/plugins/com.st.stm32cube.ide.mcu.externaltools.gnu-tools-for-stm32.7-2018-q2-update.win32_1.0.0.201904181610/tools/bin/../lib/gcc/arm-none-eabi/7.3.1/../../../../arm-none-eabi/lib/thumb/v7e-m/fpv4-sp/hard\libc_nano.a(lib_a-memcpy-stub.o)
                0x000000000800d926                memcpy
 .text.memmove  0x000000000800d93c       0x32 c:/st/stm32cubeide_1.1.0/stm32cubeide/plugins/com.st.stm32cube.ide.mcu.externaltools.gnu-tools-for-stm32.7-2018-q2-update.win32_1.0.0.201904181610/tools/bin/../lib/gcc/arm-none-eabi/7.3.1/../../../../arm-none-eabi/lib/thumb/v7e-m/fpv4-sp/hard\libc_nano.a(lib_a-memmove.o)
                0x000000000800d93c                memmove
 .text.memset   0x000000000800d96e       0x10 c:/st/stm32cubeide_1.1.0/stm32cubeide/plugins/com.st.stm32cube.ide.mcu.externaltools.gnu-tools-for-stm32.7-2018-q2-update.win32_1.0.0.201904181610/tools/bin/../lib/gcc/arm-none-eabi/7.3.1/../../../../arm-none-eabi/lib/thumb/v7e-m/fpv4-sp/hard\libc_nano.a(lib_a-memset.o)
                0x000000000800d96e                memset
 *fill*         0x000000000800d97e        0x2 
 .text._free_r  0x000000000800d980       0x9c c:/st/stm32cubeide_1.1.0/stm32cubeide/plugins/com.st.stm32cube.ide.mcu.externaltools.gnu-tools-for-stm32.7-2018-q2-update.win32_1.0.0.201904181610/tools/bin/../lib/gcc/arm-none-eabi/7.3.1/../../../../arm-none-eabi/lib/thumb/v7e-m/fpv4-sp/hard\libc_nano.a(lib_a-nano-freer.o)
                0x000000000800d980                _free_r
 .text._malloc_r
                0x000000000800da1c       0xb4 c:/st/stm32cubeide_1.1.0/stm32cubeide/plugins/com.st.stm32cube.ide.mcu.externaltools.gnu-tools-for-stm32.7-2018-q2-update.win32_1.0.0.201904181610/tools/bin/../lib/gcc/arm-none-eabi/7.3.1/../../../../arm-none-eabi/lib/thumb/v7e-m/fpv4-sp/hard\libc_nano.a(lib_a-nano-mallocr.o)
                0x000000000800da1c                _malloc_r
 .text._sbrk_r  0x000000000800dad0       0x20 c:/st/stm32cubeide_1.1.0/stm32cubeide/plugins/com.st.stm32cube.ide.mcu.externaltools.gnu-tools-for-stm32.7-2018-q2-update.win32_1.0.0.201904181610/tools/bin/../lib/gcc/arm-none-eabi/7.3.1/../../../../arm-none-eabi/lib/thumb/v7e-m/fpv4-sp/hard\libc_nano.a(lib_a-sbrkr.o)
                0x000000000800dad0                _sbrk_r
 .text.strcpy   0x000000000800daf0       0x10 c:/st/stm32cubeide_1.1.0/stm32cubeide/plugins/com.st.stm32cube.ide.mcu.externaltools.gnu-tools-for-stm32.7-2018-q2-update.win32_1.0.0.201904181610/tools/bin/../lib/gcc/arm-none-eabi/7.3.1/../../../../arm-none-eabi/lib/thumb/v7e-m/fpv4-sp/hard\libc_nano.a(lib_a-strcpy.o)
                0x000000000800daf0                strcpy
 .text._vsnprintf_r
                0x000000000800db00       0x58 c:/st/stm32cubeide_1.1.0/stm32cubeide/plugins/com.st.stm32cube.ide.mcu.externaltools.gnu-tools-for-stm32.7-2018-q2-update.win32_1.0.0.201904181610/tools/bin/../lib/gcc/arm-none-eabi/7.3.1/../../../../arm-none-eabi/lib/thumb/v7e-m/fpv4-sp/hard\libc_nano.a(lib_a-vsnprintf.o)
                0x000000000800db00                _vsniprintf_r
                0x000000000800db00                _vsnprintf_r
 .text.vsnprintf
                0x000000000800db58       0x1c c:/st/stm32cubeide_1.1.0/stm32cubeide/plugins/com.st.stm32cube.ide.mcu.externaltools.gnu-tools-for-stm32.7-2018-q2-update.win32_1.0.0.201904181610/tools/bin/../lib/gcc/arm-none-eabi/7.3.1/../../../../arm-none-eabi/lib/thumb/v7e-m/fpv4-sp/hard\libc_nano.a(lib_a-vsnprintf.o)
                0x000000000800db58                vsniprintf
                0x000000000800db58                vsnprintf
 .text.__malloc_lock
                0x000000000800db74        0x2 c:/st/stm32cubeide_1.1.0/stm32cubeide/plugins/com.st.stm32cube.ide.mcu.externaltools.gnu-tools-for-stm32.7-2018-q2-update.win32_1.0.0.201904181610/tools/bin/../lib/gcc/arm-none-eabi/7.3.1/../../../../arm-none-eabi/lib/thumb/v7e-m/fpv4-sp/hard\libc_nano.a(lib_a-mlock.o)
                0x000000000800db74                __malloc_lock
 .text.__malloc_unlock
                0x000000000800db76        0x2 c:/st/stm32cubeide_1.1.0/stm32cubeide/plugins/com.st.stm32cube.ide.mcu.externaltools.gnu-tools-for-stm32.7-2018-q2-update.win32_1.0.0.201904181610/tools/bin/../lib/gcc/arm-none-eabi/7.3.1/../../../../arm-none-eabi/lib/thumb/v7e-m/fpv4-sp/hard\libc_nano.a(lib_a-mlock.o)
                0x000000000800db76                __malloc_unlock
 .text.__ssputs_r
                0x000000000800db78       0xb4 c:/st/stm32cubeide_1.1.0/stm32cubeide/plugins/com.st.stm32cube.ide.mcu.externaltools.gnu-tools-for-stm32.7-2018-q2-update.win32_1.0.0.201904181610/tools/bin/../lib/gcc/arm-none-eabi/7.3.1/../../../../arm-none-eabi/lib/thumb/v7e-m/fpv4-sp/hard\libc_nano.a(lib_a-nano-svfprintf.o)
                0x000000000800db78                __ssputs_r
 .text._svfprintf_r
                0x000000000800dc2c      0x1f0 c:/st/stm32cubeide_1.1.0/stm32cubeide/plugins/com.st.stm32cube.ide.mcu.externaltools.gnu-tools-for-stm32.7-2018-q2-update.win32_1.0.0.201904181610/tools/bin/../lib/gcc/arm-none-eabi/7.3.1/../../../../arm-none-eabi/lib/thumb/v7e-m/fpv4-sp/hard\libc_nano.a(lib_a-nano-svfprintf.o)
                0x000000000800dc2c                _svfiprintf_r
                0x000000000800dc2c                _svfprintf_r
 .text._printf_common
                0x000000000800de1c       0xea c:/st/stm32cubeide_1.1.0/stm32cubeide/plugins/com.st.stm32cube.ide.mcu.externaltools.gnu-tools-for-stm32.7-2018-q2-update.win32_1.0.0.201904181610/tools/bin/../lib/gcc/arm-none-eabi/7.3.1/../../../../arm-none-eabi/lib/thumb/v7e-m/fpv4-sp/hard\libc_nano.a(lib_a-nano-vfprintf_i.o)
                0x000000000800de1c                _printf_common
 *fill*         0x000000000800df06        0x2 
 .text._printf_i
                0x000000000800df08      0x224 c:/st/stm32cubeide_1.1.0/stm32cubeide/plugins/com.st.stm32cube.ide.mcu.externaltools.gnu-tools-for-stm32.7-2018-q2-update.win32_1.0.0.201904181610/tools/bin/../lib/gcc/arm-none-eabi/7.3.1/../../../../arm-none-eabi/lib/thumb/v7e-m/fpv4-sp/hard\libc_nano.a(lib_a-nano-vfprintf_i.o)
                0x000000000800df08                _printf_i
 .text._realloc_r
                0x000000000800e12c       0x4c c:/st/stm32cubeide_1.1.0/stm32cubeide/plugins/com.st.stm32cube.ide.mcu.externaltools.gnu-tools-for-stm32.7-2018-q2-update.win32_1.0.0.201904181610/tools/bin/../lib/gcc/arm-none-eabi/7.3.1/../../../../arm-none-eabi/lib/thumb/v7e-m/fpv4-sp/hard\libc_nano.a(lib_a-nano-reallocr.o)
                0x000000000800e12c                _realloc_r
 .text._malloc_usable_size_r
                0x000000000800e178       0x10 c:/st/stm32cubeide_1.1.0/stm32cubeide/plugins/com.st.stm32cube.ide.mcu.externaltools.gnu-tools-for-stm32.7-2018-q2-update.win32_1.0.0.201904181610/tools/bin/../lib/gcc/arm-none-eabi/7.3.1/../../../../arm-none-eabi/lib/thumb/v7e-m/fpv4-sp/hard\libc_nano.a(lib_a-nano-msizer.o)
                0x000000000800e178                _malloc_usable_size_r
 *(.glue_7)
 .glue_7        0x000000000800e188        0x0 linker stubs
 *(.glue_7t)
 .glue_7t       0x000000000800e188        0x0 linker stubs
 *(.eh_frame)
 .eh_frame      0x000000000800e188        0x0 c:/st/stm32cubeide_1.1.0/stm32cubeide/plugins/com.st.stm32cube.ide.mcu.externaltools.gnu-tools-for-stm32.7-2018-q2-update.win32_1.0.0.201904181610/tools/bin/../lib/gcc/arm-none-eabi/7.3.1/thumb/v7e-m/fpv4-sp/hard/crtbegin.o
 *(.init)
 .init          0x000000000800e188        0x4 c:/st/stm32cubeide_1.1.0/stm32cubeide/plugins/com.st.stm32cube.ide.mcu.externaltools.gnu-tools-for-stm32.7-2018-q2-update.win32_1.0.0.201904181610/tools/bin/../lib/gcc/arm-none-eabi/7.3.1/thumb/v7e-m/fpv4-sp/hard/crti.o
                0x000000000800e188                _init
 .init          0x000000000800e18c        0x8 c:/st/stm32cubeide_1.1.0/stm32cubeide/plugins/com.st.stm32cube.ide.mcu.externaltools.gnu-tools-for-stm32.7-2018-q2-update.win32_1.0.0.201904181610/tools/bin/../lib/gcc/arm-none-eabi/7.3.1/thumb/v7e-m/fpv4-sp/hard/crtn.o
 *(.fini)
 .fini          0x000000000800e194        0x4 c:/st/stm32cubeide_1.1.0/stm32cubeide/plugins/com.st.stm32cube.ide.mcu.externaltools.gnu-tools-for-stm32.7-2018-q2-update.win32_1.0.0.201904181610/tools/bin/../lib/gcc/arm-none-eabi/7.3.1/thumb/v7e-m/fpv4-sp/hard/crti.o
                0x000000000800e194                _fini
 .fini          0x000000000800e198        0x8 c:/st/stm32cubeide_1.1.0/stm32cubeide/plugins/com.st.stm32cube.ide.mcu.externaltools.gnu-tools-for-stm32.7-2018-q2-update.win32_1.0.0.201904181610/tools/bin/../lib/gcc/arm-none-eabi/7.3.1/thumb/v7e-m/fpv4-sp/hard/crtn.o
                0x000000000800e1a0                . = ALIGN (0x4)
                0x000000000800e1a0                _etext = .

.vfp11_veneer   0x000000000800e1a0        0x0
 .vfp11_veneer  0x000000000800e1a0        0x0 linker stubs

.v4_bx          0x000000000800e1a0        0x0
 .v4_bx         0x000000000800e1a0        0x0 linker stubs

.iplt           0x000000000800e1a0        0x0
 .iplt          0x000000000800e1a0        0x0 c:/st/stm32cubeide_1.1.0/stm32cubeide/plugins/com.st.stm32cube.ide.mcu.externaltools.gnu-tools-for-stm32.7-2018-q2-update.win32_1.0.0.201904181610/tools/bin/../lib/gcc/arm-none-eabi/7.3.1/thumb/v7e-m/fpv4-sp/hard/crtbegin.o

.rodata         0x000000000800e1a0      0x39c
                0x000000000800e1a0                . = ALIGN (0x4)
 *(.rodata)
 .rodata        0x000000000800e1a0       0x11 Core/Src/logger.o
 *fill*         0x000000000800e1b1        0x3 
 .rodata        0x000000000800e1b4      0x18a Core/Src/main.o
 *fill*         0x000000000800e33e        0x2 
 .rodata        0x000000000800e340        0x8 Middlewares/RFAL/Src/rfal_nfcb.o
 .rodata        0x000000000800e348        0x2 Middlewares/RFAL/Src/rfal_rfst25r3911.o
 *(.rodata*)
 *fill*         0x000000000800e34a        0x2 
 .rodata.AHBPrescTable
                0x000000000800e34c       0x10 Core/Src/system_stm32f4xx.o
                0x000000000800e34c                AHBPrescTable
 .rodata.APBPrescTable
                0x000000000800e35c        0x8 Core/Src/system_stm32f4xx.o
                0x000000000800e35c                APBPrescTable
 .rodata.rfalAnalogConfigDefaultSettings
                0x000000000800e364      0x1a2 Middlewares/RFAL/Src/rfal_analogConfig.o
                0x000000000800e364                rfalAnalogConfigDefaultSettings
 .rodata._svfprintf_r.str1.1
                0x000000000800e506       0x11 c:/st/stm32cubeide_1.1.0/stm32cubeide/plugins/com.st.stm32cube.ide.mcu.externaltools.gnu-tools-for-stm32.7-2018-q2-update.win32_1.0.0.201904181610/tools/bin/../lib/gcc/arm-none-eabi/7.3.1/../../../../arm-none-eabi/lib/thumb/v7e-m/fpv4-sp/hard\libc_nano.a(lib_a-nano-svfprintf.o)
 .rodata._printf_i.str1.1
                0x000000000800e517       0x22 c:/st/stm32cubeide_1.1.0/stm32cubeide/plugins/com.st.stm32cube.ide.mcu.externaltools.gnu-tools-for-stm32.7-2018-q2-update.win32_1.0.0.201904181610/tools/bin/../lib/gcc/arm-none-eabi/7.3.1/../../../../arm-none-eabi/lib/thumb/v7e-m/fpv4-sp/hard\libc_nano.a(lib_a-nano-vfprintf_i.o)
                0x000000000800e53c                . = ALIGN (0x4)
 *fill*         0x000000000800e539        0x3 

.ARM.extab      0x000000000800e53c        0x0
                0x000000000800e53c                . = ALIGN (0x4)
 *(.ARM.extab* .gnu.linkonce.armextab.*)
                0x000000000800e53c                . = ALIGN (0x4)

.ARM            0x000000000800e53c        0x8
                0x000000000800e53c                . = ALIGN (0x4)
                0x000000000800e53c                __exidx_start = .
 *(.ARM.exidx*)
 .ARM.exidx     0x000000000800e53c        0x8 c:/st/stm32cubeide_1.1.0/stm32cubeide/plugins/com.st.stm32cube.ide.mcu.externaltools.gnu-tools-for-stm32.7-2018-q2-update.win32_1.0.0.201904181610/tools/bin/../lib/gcc/arm-none-eabi/7.3.1/thumb/v7e-m/fpv4-sp/hard\libgcc.a(_udivmoddi4.o)
                0x000000000800e544                __exidx_end = .
                0x000000000800e544                . = ALIGN (0x4)

.rel.dyn        0x000000000800e544        0x0
 .rel.iplt      0x000000000800e544        0x0 c:/st/stm32cubeide_1.1.0/stm32cubeide/plugins/com.st.stm32cube.ide.mcu.externaltools.gnu-tools-for-stm32.7-2018-q2-update.win32_1.0.0.201904181610/tools/bin/../lib/gcc/arm-none-eabi/7.3.1/thumb/v7e-m/fpv4-sp/hard/crtbegin.o

.preinit_array  0x000000000800e544        0x0
                0x000000000800e544                . = ALIGN (0x4)
                0x000000000800e544                PROVIDE (__preinit_array_start = .)
 *(.preinit_array*)
                0x000000000800e544                PROVIDE (__preinit_array_end = .)
                0x000000000800e544                . = ALIGN (0x4)

.init_array     0x000000000800e544        0x4
                0x000000000800e544                . = ALIGN (0x4)
                0x000000000800e544                PROVIDE (__init_array_start = .)
 *(SORT_BY_NAME(.init_array.*))
 *(.init_array*)
 .init_array    0x000000000800e544        0x4 c:/st/stm32cubeide_1.1.0/stm32cubeide/plugins/com.st.stm32cube.ide.mcu.externaltools.gnu-tools-for-stm32.7-2018-q2-update.win32_1.0.0.201904181610/tools/bin/../lib/gcc/arm-none-eabi/7.3.1/thumb/v7e-m/fpv4-sp/hard/crtbegin.o
                0x000000000800e548                PROVIDE (__init_array_end = .)
                0x000000000800e548                . = ALIGN (0x4)

.fini_array     0x000000000800e548        0x4
                0x000000000800e548                . = ALIGN (0x4)
                [!provide]                        PROVIDE (__fini_array_start = .)
 *(SORT_BY_NAME(.fini_array.*))
 *(.fini_array*)
 .fini_array    0x000000000800e548        0x4 c:/st/stm32cubeide_1.1.0/stm32cubeide/plugins/com.st.stm32cube.ide.mcu.externaltools.gnu-tools-for-stm32.7-2018-q2-update.win32_1.0.0.201904181610/tools/bin/../lib/gcc/arm-none-eabi/7.3.1/thumb/v7e-m/fpv4-sp/hard/crtbegin.o
                [!provide]                        PROVIDE (__fini_array_end = .)
                0x000000000800e54c                . = ALIGN (0x4)
                0x000000000800e54c                _sidata = LOADADDR (.data)

.data           0x0000000020000000      0x148 load address 0x000000000800e54c
                0x0000000020000000                . = ALIGN (0x4)
                0x0000000020000000                _sdata = .
 *(.data)
 *(.data*)
 .data.NFCID3   0x0000000020000000        0xa Core/Src/demo.o
 *fill*         0x000000002000000a        0x2 
 .data.GB       0x000000002000000c       0x14 Core/Src/demo.o
 .data.ucflagCardDetected
                0x0000000020000020        0x1 Core/Src/main.o
 .data.ucflagReady
                0x0000000020000021        0x1 Core/Src/main.o
 *fill*         0x0000000020000022        0x2 
 .data.fsm_table1
                0x0000000020000024       0x50 Core/Src/main.o
 .data.fsm_table2
                0x0000000020000074       0x60 Core/Src/main.o
 .data.SystemCoreClock
                0x00000000200000d4        0x4 Core/Src/system_stm32f4xx.o
                0x00000000200000d4                SystemCoreClock
 .data.uwTickPrio
                0x00000000200000d8        0x4 Drivers/STM32F4xx_HAL_Driver/Src/stm32f4xx_hal.o
                0x00000000200000d8                uwTickPrio
 .data.uwTickFreq
                0x00000000200000dc        0x1 Drivers/STM32F4xx_HAL_Driver/Src/stm32f4xx_hal.o
                0x00000000200000dc                uwTickFreq
 *fill*         0x00000000200000dd        0x3 
 .data.stream_config.9166
                0x00000000200000e0        0x4 Middlewares/RFAL/Src/rfal_iso15693_2.o
 .data._impure_ptr
                0x00000000200000e4        0x4 c:/st/stm32cubeide_1.1.0/stm32cubeide/plugins/com.st.stm32cube.ide.mcu.externaltools.gnu-tools-for-stm32.7-2018-q2-update.win32_1.0.0.201904181610/tools/bin/../lib/gcc/arm-none-eabi/7.3.1/../../../../arm-none-eabi/lib/thumb/v7e-m/fpv4-sp/hard\libc_nano.a(lib_a-impure.o)
                0x00000000200000e4                _impure_ptr
 .data.impure_data
                0x00000000200000e8       0x60 c:/st/stm32cubeide_1.1.0/stm32cubeide/plugins/com.st.stm32cube.ide.mcu.externaltools.gnu-tools-for-stm32.7-2018-q2-update.win32_1.0.0.201904181610/tools/bin/../lib/gcc/arm-none-eabi/7.3.1/../../../../arm-none-eabi/lib/thumb/v7e-m/fpv4-sp/hard\libc_nano.a(lib_a-impure.o)
                0x0000000020000148                . = ALIGN (0x4)
                0x0000000020000148                _edata = .

.igot.plt       0x0000000020000148        0x0 load address 0x000000000800e694
 .igot.plt      0x0000000020000148        0x0 c:/st/stm32cubeide_1.1.0/stm32cubeide/plugins/com.st.stm32cube.ide.mcu.externaltools.gnu-tools-for-stm32.7-2018-q2-update.win32_1.0.0.201904181610/tools/bin/../lib/gcc/arm-none-eabi/7.3.1/thumb/v7e-m/fpv4-sp/hard/crtbegin.o
                0x0000000020000148                . = ALIGN (0x4)

.bss            0x0000000020000148      0xf90 load address 0x000000000800e694
                0x0000000020000148                _sbss = .
                0x0000000020000148                __bss_start__ = _sbss
 *(.bss)
 .bss           0x0000000020000148       0x1c c:/st/stm32cubeide_1.1.0/stm32cubeide/plugins/com.st.stm32cube.ide.mcu.externaltools.gnu-tools-for-stm32.7-2018-q2-update.win32_1.0.0.201904181610/tools/bin/../lib/gcc/arm-none-eabi/7.3.1/thumb/v7e-m/fpv4-sp/hard/crtbegin.o
 *(.bss*)
 .bss.discParam
                0x0000000020000164       0x84 Core/Src/demo.o
 .bss.state     0x00000000200001e8        0x1 Core/Src/demo.o
 *fill*         0x00000000200001e9        0x3 
 .bss.nfcDevice.10517
                0x00000000200001ec        0x4 Core/Src/demo.o
 .bss.hexStrIdx
                0x00000000200001f0        0x1 Core/Src/logger.o
                0x00000000200001f0                hexStrIdx
 *fill*         0x00000000200001f1        0x3 
 .bss.pLogUsart
                0x00000000200001f4        0x4 Core/Src/logger.o
                0x00000000200001f4                pLogUsart
 .bss.globalCommProtectCnt
                0x00000000200001f8        0x1 Core/Src/main.o
                0x00000000200001f8                globalCommProtectCnt
 *fill*         0x00000000200001f9        0x3 
 .bss.nfcid     0x00000000200001fc        0x4 Core/Src/main.o
                0x00000000200001fc                nfcid
 .bss.ucflagAccess
                0x0000000020000200        0x1 Core/Src/main.o
 .bss.ucflagBluetooth
                0x0000000020000201        0x1 Core/Src/main.o
 .bss.ucflagAccessAcepted_l
                0x0000000020000202        0x1 Core/Src/main.o
 .bss.ucDoorOpenFlag
                0x0000000020000203        0x1 Core/Src/main.o
 .bss.a.10830   0x0000000020000204        0x4 Core/Src/main.o
 .bss.txBuf     0x0000000020000208       0x61 Core/Src/spi.o
 *fill*         0x0000000020000269        0x3 
 .bss.rxBuf     0x000000002000026c       0x61 Core/Src/spi.o
 *fill*         0x00000000200002cd        0x3 
 .bss.pSpi      0x00000000200002d0        0x4 Core/Src/spi.o
                0x00000000200002d0                pSpi
 .bss.heap_end.7221
                0x00000000200002d4        0x4 Core/Src/syscalls.o
 .bss.st25r3911NoResponseTime_64fcs
                0x00000000200002d8        0x4 Drivers/BSP/Components/st25r3911.o
 .bss.st25r3911interrupt
                0x00000000200002dc       0x10 Drivers/BSP/Components/st25r3911_interrupt.o
 .bss.gRfalAnalogConfigMgmt
                0x00000000200002ec        0x8 Middlewares/RFAL/Src/rfal_analogConfig.o
 .bss.iso15693PhyConfig
                0x00000000200002f4        0x8 Middlewares/RFAL/Src/rfal_iso15693_2.o
 .bss.gIsoDep   0x00000000200002fc       0x88 Middlewares/RFAL/Src/rfal_isoDep.o
 .bss.gNfcDev   0x0000000020000384      0x500 Middlewares/RFAL/Src/rfal_nfc.o
 .bss.gNfcip    0x0000000020000884       0x88 Middlewares/RFAL/Src/rfal_nfcDep.o
 .bss.gRfalNfcb
                0x000000002000090c        0x2 Middlewares/RFAL/Src/rfal_nfcb.o
 *fill*         0x000000002000090e        0x2 
 .bss.gRfalNfcfGreedyF
                0x0000000020000910      0x142 Middlewares/RFAL/Src/rfal_nfcf.o
 *fill*         0x0000000020000a52        0x2 
 .bss.gRFAL     0x0000000020000a54      0x3d8 Middlewares/RFAL/Src/rfal_rfst25r3911.o
 .bss.__malloc_free_list
                0x0000000020000e2c        0x4 c:/st/stm32cubeide_1.1.0/stm32cubeide/plugins/com.st.stm32cube.ide.mcu.externaltools.gnu-tools-for-stm32.7-2018-q2-update.win32_1.0.0.201904181610/tools/bin/../lib/gcc/arm-none-eabi/7.3.1/../../../../arm-none-eabi/lib/thumb/v7e-m/fpv4-sp/hard\libc_nano.a(lib_a-nano-mallocr.o)
                0x0000000020000e2c                __malloc_free_list
 .bss.__malloc_sbrk_start
                0x0000000020000e30        0x4 c:/st/stm32cubeide_1.1.0/stm32cubeide/plugins/com.st.stm32cube.ide.mcu.externaltools.gnu-tools-for-stm32.7-2018-q2-update.win32_1.0.0.201904181610/tools/bin/../lib/gcc/arm-none-eabi/7.3.1/../../../../arm-none-eabi/lib/thumb/v7e-m/fpv4-sp/hard\libc_nano.a(lib_a-nano-mallocr.o)
                0x0000000020000e30                __malloc_sbrk_start
 *(COMMON)
 COMMON         0x0000000020000e34      0x200 Core/Src/logger.o
                0x0000000020000e34                hexStr
 COMMON         0x0000000020001034       0x9c Core/Src/main.o
                0x0000000020001034                door_time
                0x0000000020001038                hspi1
                0x0000000020001090                huart2
 COMMON         0x00000000200010d0        0x4 Drivers/STM32F4xx_HAL_Driver/Src/stm32f4xx_hal.o
                0x00000000200010d0                uwTick
 COMMON         0x00000000200010d4        0x4 c:/st/stm32cubeide_1.1.0/stm32cubeide/plugins/com.st.stm32cube.ide.mcu.externaltools.gnu-tools-for-stm32.7-2018-q2-update.win32_1.0.0.201904181610/tools/bin/../lib/gcc/arm-none-eabi/7.3.1/../../../../arm-none-eabi/lib/thumb/v7e-m/fpv4-sp/hard\libc_nano.a(lib_a-reent.o)
                0x00000000200010d4                errno
                0x00000000200010d8                . = ALIGN (0x4)
                0x00000000200010d8                _ebss = .
                0x00000000200010d8                __bss_end__ = _ebss

._user_heap_stack
                0x00000000200010d8      0x600 load address 0x000000000800e694
                0x00000000200010d8                . = ALIGN (0x8)
                0x00000000200010d8                PROVIDE (end = .)
                [!provide]                        PROVIDE (_end = .)
                0x00000000200012d8                . = (. + _Min_Heap_Size)
 *fill*         0x00000000200010d8      0x200 
                0x00000000200016d8                . = (. + _Min_Stack_Size)
 *fill*         0x00000000200012d8      0x400 
                0x00000000200016d8                . = ALIGN (0x8)

/DISCARD/
 libc.a(*)
 libm.a(*)
 libgcc.a(*)

.ARM.attributes
                0x0000000000000000       0x30
 *(.ARM.attributes)
 .ARM.attributes
                0x0000000000000000       0x22 c:/st/stm32cubeide_1.1.0/stm32cubeide/plugins/com.st.stm32cube.ide.mcu.externaltools.gnu-tools-for-stm32.7-2018-q2-update.win32_1.0.0.201904181610/tools/bin/../lib/gcc/arm-none-eabi/7.3.1/thumb/v7e-m/fpv4-sp/hard/crti.o
 .ARM.attributes
                0x0000000000000022       0x34 c:/st/stm32cubeide_1.1.0/stm32cubeide/plugins/com.st.stm32cube.ide.mcu.externaltools.gnu-tools-for-stm32.7-2018-q2-update.win32_1.0.0.201904181610/tools/bin/../lib/gcc/arm-none-eabi/7.3.1/thumb/v7e-m/fpv4-sp/hard/crtbegin.o
 .ARM.attributes
                0x0000000000000056       0x39 Core/Src/demo.o
 .ARM.attributes
                0x000000000000008f       0x39 Core/Src/fsm.o
 .ARM.attributes
                0x00000000000000c8       0x39 Core/Src/logger.o
 .ARM.attributes
                0x0000000000000101       0x39 Core/Src/main.o
 .ARM.attributes
                0x000000000000013a       0x39 Core/Src/spi.o
 .ARM.attributes
                0x0000000000000173       0x39 Core/Src/stm32f4xx_hal_msp.o
 .ARM.attributes
                0x00000000000001ac       0x39 Core/Src/stm32f4xx_it.o
 .ARM.attributes
                0x00000000000001e5       0x39 Core/Src/syscalls.o
 .ARM.attributes
                0x000000000000021e       0x39 Core/Src/system_stm32f4xx.o
 .ARM.attributes
                0x0000000000000257       0x21 Core/Startup/startup_stm32f401retx.o
 .ARM.attributes
                0x0000000000000278       0x39 Drivers/BSP/Components/st25r3911.o
 .ARM.attributes
                0x00000000000002b1       0x39 Drivers/BSP/Components/st25r3911_com.o
 .ARM.attributes
                0x00000000000002ea       0x39 Drivers/BSP/Components/st25r3911_interrupt.o
 .ARM.attributes
                0x0000000000000323       0x39 Drivers/BSP/Components/timer.o
 .ARM.attributes
                0x000000000000035c       0x39 Drivers/STM32F4xx_HAL_Driver/Src/stm32f4xx_hal.o
 .ARM.attributes
                0x0000000000000395       0x39 Drivers/STM32F4xx_HAL_Driver/Src/stm32f4xx_hal_cortex.o
 .ARM.attributes
                0x00000000000003ce       0x39 Drivers/STM32F4xx_HAL_Driver/Src/stm32f4xx_hal_gpio.o
 .ARM.attributes
                0x0000000000000407       0x39 Drivers/STM32F4xx_HAL_Driver/Src/stm32f4xx_hal_rcc.o
 .ARM.attributes
                0x0000000000000440       0x39 Drivers/STM32F4xx_HAL_Driver/Src/stm32f4xx_hal_spi.o
 .ARM.attributes
                0x0000000000000479       0x39 Drivers/STM32F4xx_HAL_Driver/Src/stm32f4xx_hal_uart.o
 .ARM.attributes
                0x00000000000004b2       0x39 Middlewares/RFAL/Src/rfal_analogConfig.o
 .ARM.attributes
                0x00000000000004eb       0x39 Middlewares/RFAL/Src/rfal_crc.o
 .ARM.attributes
                0x0000000000000524       0x39 Middlewares/RFAL/Src/rfal_iso15693_2.o
 .ARM.attributes
                0x000000000000055d       0x39 Middlewares/RFAL/Src/rfal_isoDep.o
 .ARM.attributes
                0x0000000000000596       0x39 Middlewares/RFAL/Src/rfal_nfc.o
 .ARM.attributes
                0x00000000000005cf       0x39 Middlewares/RFAL/Src/rfal_nfcDep.o
 .ARM.attributes
                0x0000000000000608       0x39 Middlewares/RFAL/Src/rfal_nfca.o
 .ARM.attributes
                0x0000000000000641       0x39 Middlewares/RFAL/Src/rfal_nfcb.o
 .ARM.attributes
                0x000000000000067a       0x39 Middlewares/RFAL/Src/rfal_nfcf.o
 .ARM.attributes
                0x00000000000006b3       0x39 Middlewares/RFAL/Src/rfal_nfcv.o
 .ARM.attributes
                0x00000000000006ec       0x39 Middlewares/RFAL/Src/rfal_rfst25r3911.o
 .ARM.attributes
                0x0000000000000725       0x39 Middlewares/RFAL/Src/rfal_st25tb.o
 .ARM.attributes
                0x000000000000075e       0x39 Middlewares/RFAL/Src/rfal_t1t.o
 .ARM.attributes
                0x0000000000000797       0x34 c:/st/stm32cubeide_1.1.0/stm32cubeide/plugins/com.st.stm32cube.ide.mcu.externaltools.gnu-tools-for-stm32.7-2018-q2-update.win32_1.0.0.201904181610/tools/bin/../lib/gcc/arm-none-eabi/7.3.1/../../../../arm-none-eabi/lib/thumb/v7e-m/fpv4-sp/hard\libc_nano.a(lib_a-errno.o)
 .ARM.attributes
                0x00000000000007cb       0x34 c:/st/stm32cubeide_1.1.0/stm32cubeide/plugins/com.st.stm32cube.ide.mcu.externaltools.gnu-tools-for-stm32.7-2018-q2-update.win32_1.0.0.201904181610/tools/bin/../lib/gcc/arm-none-eabi/7.3.1/../../../../arm-none-eabi/lib/thumb/v7e-m/fpv4-sp/hard\libc_nano.a(lib_a-impure.o)
 .ARM.attributes
                0x00000000000007ff       0x34 c:/st/stm32cubeide_1.1.0/stm32cubeide/plugins/com.st.stm32cube.ide.mcu.externaltools.gnu-tools-for-stm32.7-2018-q2-update.win32_1.0.0.201904181610/tools/bin/../lib/gcc/arm-none-eabi/7.3.1/../../../../arm-none-eabi/lib/thumb/v7e-m/fpv4-sp/hard\libc_nano.a(lib_a-init.o)
 .ARM.attributes
                0x0000000000000833       0x34 c:/st/stm32cubeide_1.1.0/stm32cubeide/plugins/com.st.stm32cube.ide.mcu.externaltools.gnu-tools-for-stm32.7-2018-q2-update.win32_1.0.0.201904181610/tools/bin/../lib/gcc/arm-none-eabi/7.3.1/../../../../arm-none-eabi/lib/thumb/v7e-m/fpv4-sp/hard\libc_nano.a(lib_a-malloc.o)
 .ARM.attributes
                0x0000000000000867       0x34 c:/st/stm32cubeide_1.1.0/stm32cubeide/plugins/com.st.stm32cube.ide.mcu.externaltools.gnu-tools-for-stm32.7-2018-q2-update.win32_1.0.0.201904181610/tools/bin/../lib/gcc/arm-none-eabi/7.3.1/../../../../arm-none-eabi/lib/thumb/v7e-m/fpv4-sp/hard\libc_nano.a(lib_a-memcmp.o)
 .ARM.attributes
                0x000000000000089b       0x34 c:/st/stm32cubeide_1.1.0/stm32cubeide/plugins/com.st.stm32cube.ide.mcu.externaltools.gnu-tools-for-stm32.7-2018-q2-update.win32_1.0.0.201904181610/tools/bin/../lib/gcc/arm-none-eabi/7.3.1/../../../../arm-none-eabi/lib/thumb/v7e-m/fpv4-sp/hard\libc_nano.a(lib_a-memcpy-stub.o)
 .ARM.attributes
                0x00000000000008cf       0x34 c:/st/stm32cubeide_1.1.0/stm32cubeide/plugins/com.st.stm32cube.ide.mcu.externaltools.gnu-tools-for-stm32.7-2018-q2-update.win32_1.0.0.201904181610/tools/bin/../lib/gcc/arm-none-eabi/7.3.1/../../../../arm-none-eabi/lib/thumb/v7e-m/fpv4-sp/hard\libc_nano.a(lib_a-memmove.o)
 .ARM.attributes
                0x0000000000000903       0x34 c:/st/stm32cubeide_1.1.0/stm32cubeide/plugins/com.st.stm32cube.ide.mcu.externaltools.gnu-tools-for-stm32.7-2018-q2-update.win32_1.0.0.201904181610/tools/bin/../lib/gcc/arm-none-eabi/7.3.1/../../../../arm-none-eabi/lib/thumb/v7e-m/fpv4-sp/hard\libc_nano.a(lib_a-memset.o)
 .ARM.attributes
                0x0000000000000937       0x34 c:/st/stm32cubeide_1.1.0/stm32cubeide/plugins/com.st.stm32cube.ide.mcu.externaltools.gnu-tools-for-stm32.7-2018-q2-update.win32_1.0.0.201904181610/tools/bin/../lib/gcc/arm-none-eabi/7.3.1/../../../../arm-none-eabi/lib/thumb/v7e-m/fpv4-sp/hard\libc_nano.a(lib_a-nano-freer.o)
 .ARM.attributes
                0x000000000000096b       0x34 c:/st/stm32cubeide_1.1.0/stm32cubeide/plugins/com.st.stm32cube.ide.mcu.externaltools.gnu-tools-for-stm32.7-2018-q2-update.win32_1.0.0.201904181610/tools/bin/../lib/gcc/arm-none-eabi/7.3.1/../../../../arm-none-eabi/lib/thumb/v7e-m/fpv4-sp/hard\libc_nano.a(lib_a-nano-mallocr.o)
 .ARM.attributes
                0x000000000000099f       0x34 c:/st/stm32cubeide_1.1.0/stm32cubeide/plugins/com.st.stm32cube.ide.mcu.externaltools.gnu-tools-for-stm32.7-2018-q2-update.win32_1.0.0.201904181610/tools/bin/../lib/gcc/arm-none-eabi/7.3.1/../../../../arm-none-eabi/lib/thumb/v7e-m/fpv4-sp/hard\libc_nano.a(lib_a-sbrkr.o)
 .ARM.attributes
                0x00000000000009d3       0x20 c:/st/stm32cubeide_1.1.0/stm32cubeide/plugins/com.st.stm32cube.ide.mcu.externaltools.gnu-tools-for-stm32.7-2018-q2-update.win32_1.0.0.201904181610/tools/bin/../lib/gcc/arm-none-eabi/7.3.1/../../../../arm-none-eabi/lib/thumb/v7e-m/fpv4-sp/hard\libc_nano.a(lib_a-strcmp.o)
 .ARM.attributes
                0x00000000000009f3       0x34 c:/st/stm32cubeide_1.1.0/stm32cubeide/plugins/com.st.stm32cube.ide.mcu.externaltools.gnu-tools-for-stm32.7-2018-q2-update.win32_1.0.0.201904181610/tools/bin/../lib/gcc/arm-none-eabi/7.3.1/../../../../arm-none-eabi/lib/thumb/v7e-m/fpv4-sp/hard\libc_nano.a(lib_a-strcpy.o)
 .ARM.attributes
                0x0000000000000a27       0x1b c:/st/stm32cubeide_1.1.0/stm32cubeide/plugins/com.st.stm32cube.ide.mcu.externaltools.gnu-tools-for-stm32.7-2018-q2-update.win32_1.0.0.201904181610/tools/bin/../lib/gcc/arm-none-eabi/7.3.1/../../../../arm-none-eabi/lib/thumb/v7e-m/fpv4-sp/hard\libc_nano.a(lib_a-strlen.o)
 .ARM.attributes
                0x0000000000000a42       0x34 c:/st/stm32cubeide_1.1.0/stm32cubeide/plugins/com.st.stm32cube.ide.mcu.externaltools.gnu-tools-for-stm32.7-2018-q2-update.win32_1.0.0.201904181610/tools/bin/../lib/gcc/arm-none-eabi/7.3.1/../../../../arm-none-eabi/lib/thumb/v7e-m/fpv4-sp/hard\libc_nano.a(lib_a-vsnprintf.o)
 .ARM.attributes
                0x0000000000000a76       0x34 c:/st/stm32cubeide_1.1.0/stm32cubeide/plugins/com.st.stm32cube.ide.mcu.externaltools.gnu-tools-for-stm32.7-2018-q2-update.win32_1.0.0.201904181610/tools/bin/../lib/gcc/arm-none-eabi/7.3.1/../../../../arm-none-eabi/lib/thumb/v7e-m/fpv4-sp/hard\libc_nano.a(lib_a-mlock.o)
 .ARM.attributes
                0x0000000000000aaa       0x34 c:/st/stm32cubeide_1.1.0/stm32cubeide/plugins/com.st.stm32cube.ide.mcu.externaltools.gnu-tools-for-stm32.7-2018-q2-update.win32_1.0.0.201904181610/tools/bin/../lib/gcc/arm-none-eabi/7.3.1/../../../../arm-none-eabi/lib/thumb/v7e-m/fpv4-sp/hard\libc_nano.a(lib_a-nano-svfprintf.o)
 .ARM.attributes
                0x0000000000000ade       0x34 c:/st/stm32cubeide_1.1.0/stm32cubeide/plugins/com.st.stm32cube.ide.mcu.externaltools.gnu-tools-for-stm32.7-2018-q2-update.win32_1.0.0.201904181610/tools/bin/../lib/gcc/arm-none-eabi/7.3.1/../../../../arm-none-eabi/lib/thumb/v7e-m/fpv4-sp/hard\libc_nano.a(lib_a-nano-vfprintf_i.o)
 .ARM.attributes
                0x0000000000000b12       0x34 c:/st/stm32cubeide_1.1.0/stm32cubeide/plugins/com.st.stm32cube.ide.mcu.externaltools.gnu-tools-for-stm32.7-2018-q2-update.win32_1.0.0.201904181610/tools/bin/../lib/gcc/arm-none-eabi/7.3.1/../../../../arm-none-eabi/lib/thumb/v7e-m/fpv4-sp/hard\libc_nano.a(lib_a-reent.o)
 .ARM.attributes
                0x0000000000000b46       0x20 c:/st/stm32cubeide_1.1.0/stm32cubeide/plugins/com.st.stm32cube.ide.mcu.externaltools.gnu-tools-for-stm32.7-2018-q2-update.win32_1.0.0.201904181610/tools/bin/../lib/gcc/arm-none-eabi/7.3.1/../../../../arm-none-eabi/lib/thumb/v7e-m/fpv4-sp/hard\libc_nano.a(lib_a-memchr.o)
 .ARM.attributes
                0x0000000000000b66       0x34 c:/st/stm32cubeide_1.1.0/stm32cubeide/plugins/com.st.stm32cube.ide.mcu.externaltools.gnu-tools-for-stm32.7-2018-q2-update.win32_1.0.0.201904181610/tools/bin/../lib/gcc/arm-none-eabi/7.3.1/../../../../arm-none-eabi/lib/thumb/v7e-m/fpv4-sp/hard\libc_nano.a(lib_a-nano-reallocr.o)
 .ARM.attributes
                0x0000000000000b9a       0x34 c:/st/stm32cubeide_1.1.0/stm32cubeide/plugins/com.st.stm32cube.ide.mcu.externaltools.gnu-tools-for-stm32.7-2018-q2-update.win32_1.0.0.201904181610/tools/bin/../lib/gcc/arm-none-eabi/7.3.1/../../../../arm-none-eabi/lib/thumb/v7e-m/fpv4-sp/hard\libc_nano.a(lib_a-nano-msizer.o)
 .ARM.attributes
                0x0000000000000bce       0x22 c:/st/stm32cubeide_1.1.0/stm32cubeide/plugins/com.st.stm32cube.ide.mcu.externaltools.gnu-tools-for-stm32.7-2018-q2-update.win32_1.0.0.201904181610/tools/bin/../lib/gcc/arm-none-eabi/7.3.1/thumb/v7e-m/fpv4-sp/hard\libgcc.a(_aeabi_uldivmod.o)
 .ARM.attributes
                0x0000000000000bf0       0x34 c:/st/stm32cubeide_1.1.0/stm32cubeide/plugins/com.st.stm32cube.ide.mcu.externaltools.gnu-tools-for-stm32.7-2018-q2-update.win32_1.0.0.201904181610/tools/bin/../lib/gcc/arm-none-eabi/7.3.1/thumb/v7e-m/fpv4-sp/hard\libgcc.a(_udivmoddi4.o)
 .ARM.attributes
                0x0000000000000c24       0x22 c:/st/stm32cubeide_1.1.0/stm32cubeide/plugins/com.st.stm32cube.ide.mcu.externaltools.gnu-tools-for-stm32.7-2018-q2-update.win32_1.0.0.201904181610/tools/bin/../lib/gcc/arm-none-eabi/7.3.1/thumb/v7e-m/fpv4-sp/hard\libgcc.a(_dvmd_tls.o)
 .ARM.attributes
                0x0000000000000c46       0x22 c:/st/stm32cubeide_1.1.0/stm32cubeide/plugins/com.st.stm32cube.ide.mcu.externaltools.gnu-tools-for-stm32.7-2018-q2-update.win32_1.0.0.201904181610/tools/bin/../lib/gcc/arm-none-eabi/7.3.1/thumb/v7e-m/fpv4-sp/hard/crtn.o
OUTPUT(NFC_LSEL.elf elf32-littlearm)
